Microchip MPLAB XC8 Compiler V2.36

Linker command line:

-W-3 --edf=C:\Program Files\Microchip\xc8\v2.36\pic\dat\en_msgs.txt \
  -pivt0x8=08h -cn \
  -h+dist/default/production\weatherStationUart.X.production.sym \
  --cmf=dist/default/production\weatherStationUart.X.production.cmf -z \
  -Q18F57Q43 -oC:\Users\M67732\AppData\Local\Temp\xcAsds4.4 \
  --defsym=__MPLAB_BUILD=1 \
  -Mdist/default/production/weatherStationUart.X.production.map \
  --md=C:\Users\M67732\AppData\Local\Temp\xcAsds4.dat -E1 -ver=XC8 Compiler \
  --acfsm=1493 -ACODE=00h-01FFFFh -ACONST=00h-01FFFFh \
  -ASMALLCONST=02500h-025FFhx475 \
  -AMEDIUMCONST=02500h-0FFFFh,012500h-01FFFFh -ACOMRAM=0501h-055Fh \
  -AABS1=0500h-024FFh -ABIGRAM=0501h-024FFh \
  -ARAM=0560h-05FFh,0600h-06FFhx31 -ABANK5=0560h-05FFh -ABANK6=0600h-06FFh \
  -ABANK7=0700h-07FFh -ABANK8=0800h-08FFh -ABANK9=0900h-09FFh \
  -ABANK10=0A00h-0AFFh -ABANK11=0B00h-0BFFh -ABANK12=0C00h-0CFFh \
  -ABANK13=0D00h-0DFFh -ABANK14=0E00h-0EFFh -ABANK15=0F00h-0FFFh \
  -ABANK16=01000h-010FFh -ABANK17=01100h-011FFh -ABANK18=01200h-012FFh \
  -ABANK19=01300h-013FFh -ABANK20=01400h-014FFh -ABANK21=01500h-015FFh \
  -ABANK22=01600h-016FFh -ABANK23=01700h-017FFh -ABANK24=01800h-018FFh \
  -ABANK25=01900h-019FFh -ABANK26=01A00h-01AFFh -ABANK27=01B00h-01BFFh \
  -ABANK28=01C00h-01CFFh -ABANK29=01D00h-01DFFh -ABANK30=01E00h-01EFFh \
  -ABANK31=01F00h-01FFFh -ABANK32=02000h-020FFh -ABANK33=02100h-021FFh \
  -ABANK34=02200h-022FFh -ABANK35=02300h-023FFh -ABANK36=02400h-024FFh \
  -ASFR=00h-0FFhx4,0400h-045Fh,0460h-04FFh,02500h-025FFh \
  -ABIGSFR=00h-04FFh,02500h-025FFh -ACONFIG=0300000h-0300011h \
  -AIDLOC=0200000h-020003Fh -AEEDATA=0380000h-03803FFh -peeprom_data=EEDATA \
  -preset_vec=00h -ppowerup=CODE,init -pramtop=02500h \
  -psmallconst=SMALLCONST -pmediumconst=MEDIUMCONST -pconst=CONST \
  -AFARRAM=00h-00h \
  -prdata=COMRAM,nvrram=COMRAM,nvbit=COMRAM,rbss=COMRAM,rbit=COMRAM \
  -pfarbss=FARRAM,fardata=FARRAM,nvFARRAM=FARRAM \
  -pintsave_regs=BIGRAM,bigbss=BIGRAM,bigdata=BIGRAM -pbss=RAM \
  -pidata=CODE,irdata=CODE,ibigdata=CODE,ifardata=CODE -prparam=COMRAM \
  C:\Users\M67732\AppData\Local\Temp\xcAsds4.o \
  dist/default/production\weatherStationUart.X.production.o 

Object code version is 3.11

Machine type is 18F57Q43



                Name                               Link     Load   Length Selector   Space Scale
C:\Users\M67732\AppData\Local\Temp\xcAsds4.o
                idloc                            200000   200000       40        0       5
                config                           300000   300000        A        0       4
                init                                 1A       1A        4        4       0
                reset_vec                             0        0        4        0       0
dist/default/production\weatherStationUart.X.production.o
                idloc                            200000   200000       40        0       5
                config                           300000   300000        A        0       4
                mediumconst                        FDCC     FDCC      234     7EE6       0
                ivt0x8                                8        8       12        4       0
                text294                            252C     252C       32        4       0
                text293                            2D18     2D18       10        4       0
                text292                            153E     153E       6A        4       0
                text291                           1A3AC    1A3AC      456     8000       0
                text290                           1D792    1D792      1B4     8000       0
                text289                           1B43C    1B43C      39C     8000       0
                text288                            16D6     16D6       60        4       0
                text287                             934      934       A4        4       0
                text286                           19328    19328      702     8000       0
                text285                           1AC52    1AC52      44E     8000       0
                text284                             A76      A76       94        4       0
                text283                           1C2F8    1C2F8      272     8000       0
                text282                            1676     1676       60        4       0
                text281                            2EE2     2EE2        8        4       0
                text280                            2E38     2E38        C        4       0
                text279                            2A6C     2A6C       1C        4       0
                text278                            2792     2792       2C        4       0
                text277                            2F70     2F70        6     1779       0
                text276                            2F6A     2F6A        6     1779       0
                text275                            2F64     2F64        6     1779       0
                text274                            2C86     2C86       16        4       0
                text273                            2C70     2C70       16        4       0
                text272                            2C5A     2C5A       16        4       0
                text271                            1C5C     1C5C       52        4       0
                text270                            2922     2922       24        4       0
                text269                             C2C      C2C       8E        4       0
                text268                            2A50     2A50       1C        4       0
                text267                            26AE     26AE       30        4       0
                text266                            267E     267E       30        4       0
                text265                            264E     264E       30        4       0
                text264                            261E     261E       30        4       0
                text263                            25EE     25EE       30        4       0
                text262                            1CFE     1CFE       50        4       0
                text261                            25BE     25BE       30        4       0
                text260                            258E     258E       30        4       0
                text259                            255E     255E       30        4       0
                text258                            1CAE     1CAE       50        4       0
                text257                            2F86     2F86        4     1779       0
                text256                            2F82     2F82        4     1779       0
                text255                            2EA8     2EA8        A        4       0
                text254                            2F5E     2F5E        6     1779       0
                text253                            2F58     2F58        6     1779       0
                text252                            2E9E     2E9E        A        4       0
                text251                            2E94     2E94        A        4       0
                text250                            2F52     2F52        6     1779       0
                text249                            2C44     2C44       16        4       0
                text248                            2F4C     2F4C        6     1779       0
                text247                            2F46     2F46        6     1779       0
                text246                            2F40     2F40        6     1779       0
                text245                            2F3A     2F3A        6     1779       0
                text244                            2C2E     2C2E       16        4       0
                text243                            2C18     2C18       16        4       0
                text242                            2EDA     2EDA        8        4       0
                text241                            2E2C     2E2C        C        4       0
                text240                            270C     270C       2E        4       0
                text239                            2C02     2C02       16        4       0
                text238                           1E94A    1E94A      126     8000       0
                text237                             9D8      9D8       9E        4       0
                text236                             F56      F56       7E        4       0
                text235                             890      890       A4        4       0
                text234                            2DFA     2DFA        E        4       0
                text233                            2F7E     2F7E        4     1779       0
                text232                            2F7A     2F7A        4     1779       0
                text231                            288C     288C       28        4       0
                text230                            2ED2     2ED2        8        4       0
                text229                            2DEC     2DEC        E        4       0
                text228                            2ECA     2ECA        8        4       0
                text227                            2D08     2D08       10        4       0
                text226                            1466     1466       6E        4       0
                text225                            11BC     11BC       76        4       0
                text224                            2CF8     2CF8       10        4       0
                text223                            1316     1316       72        4       0
                text222                            1964     1964       5A        4       0
                text221                            29A6     29A6       1E        4       0
                text220                            1C0A     1C0A       52        4       0
                text219                            2EC2     2EC2        8        4       0
                text218                            2812     2812       2A        4       0
                text217                             7EC      7EC       A4        4       0
                text216                            2A34     2A34       1C        4       0
                text215                             DCE      DCE       86        4       0
                text214                           1EB94    1EB94      120     8000       0
                text213                            1146     1146       76        4       0
                text212                            2AD6     2AD6       1A        4       0
                text211                            2E8A     2E8A        A        4       0
                text210                             1AA      1AA       C4        4       0
                text209                             53A      53A       B0        4       0
                text208                             742      742       AA        4       0
                text207                           1F0E6    1F0E6      104     8000       0
                text206                            2428     2428       38        4       0
                text205                           19EEC    19EEC      4C0     8000       0
                text204                            1F46     1F46       46        4       0
                text203                           1EED8    1EED8      108     8000       0
                text202                           1F2EA    1F2EA       FE     8000       0
                text201                           1C9BA    1C9BA      216     8000       0
                text200                            2F96     2F96        2     1779       0
                text199                            2F94     2F94        2     1779       0
                text198                            2B50     2B50       18        4       0
                text197                            2E80     2E80        A        4       0
                text196                           1FA26    1FA26       D8     8000       0
                text195                            2014     2014       44        4       0
                text194                            1B12     1B12       54        4       0
                text193                              E4       E4       C6        4       0
                text192                            1610     1610       66        4       0
                text191                            2F92     2F92        2     1779       0
                text190                            1FD0     1FD0       44        4       0
                text189                           17D3E    17D3E      AFA     8000       0
                text188                            27E8     27E8       2A        4       0
                text187                            2F90     2F90        2     1779       0
                text186                            1F8C     1F8C       44        4       0
                text185                           1E126    1E126      17E     8000       0
                text184                           1F94E    1F94E       D8     8000       0
                text183                           1DE1C    1DE1C      188     8000       0
                text182                           1E40A    1E40A      164     8000       0
                text181                            209A     209A       40        4       0
                text180                           1BABE    1BABE      2E6     8000       0
                text179                            1F00     1F00       46        4       0
                text178                           16500    16500      C24     8000       0
                text177                           1D1D0    1D1D0      1F0     8000       0
                text176                           1DAF0    1DAF0      1A2     8000       0
                text175                           1E804    1E804      146     8000       0
                text174                           1F4DA    1F4DA       F0     8000       0
                text173                           1FCA2    1FCA2       D0     8000       0
                text172                           1CDD6    1CDD6      204     8000       0
                text171                           1C04E    1C04E      2AA     8000       0
                text170                           13286    13286     327A     8000       0
                text169                            12A4     12A4       72        4       0
                text168                            2864     2864       28        4       0
                text167                           1FBD0    1FBD0       D2     8000       0
                text166                            2F34     2F34        6     1779       0
                text165                            2F8E     2F8E        2     1779       0
                text164                            24FA     24FA       32        4       0
                text163                            26DE     26DE       2E        4       0
                text162                            2C9C     2C9C       14        4       0
                text161                            2766     2766       2C        4       0
                text160                            2F2E     2F2E        6     1779       0
                text159                            2F8C     2F8C        2     1779       0
                text158                            2F8A     2F8A        2     1779       0
                text157                           1FD72    1FD72       CE     8000       0
                text156                            1EBA     1EBA       46        4       0
                text155                           1F6B2    1F6B2       E6     8000       0
                text154                            1BB8     1BB8       52        4       0
                text153                            1850     1850       5E        4       0
                text152                            2B38     2B38       18        4       0
                text151                            2B20     2B20       18        4       0
                text150                              1E       1E       C6        4       0
                text149                             3D8      3D8       B2        4       0
                text148                           1B0A0    1B0A0      39C     8000       0
                text147                             696      696       AC        4       0
                text146                           1EFE0    1EFE0      106     8000       0
                text145                           1A802    1A802      450     8000       0
                text144                            23B6     23B6       3A        4       0
                text143                           19A2A    19A2A      4C2     8000       0
                text142                            1E2C     1E2C       48        4       0
                text141                           1EDD0    1EDD0      108     8000       0
                text140                           1F1EA    1F1EA      100     8000       0
                text139                           1C7A4    1C7A4      216     8000       0
                text138                            22CA     22CA       3E        4       0
                text137                            237C     237C       3A        4       0
                text136                            2ABC     2ABC       1A        4       0
                text135                            2DDE     2DDE        E        4       0
                text134                           1F874    1F874       DA     8000       0
                text133                            1DE4     1DE4       48        4       0
                text132                            19BE     19BE       58        4       0
                text131                           1FE40    1FE40       CA     8000       0
                text130                            15A8     15A8       68        4       0
                text129                            2342     2342       3A        4       0
                text128                            1E74     1E74       46        4       0
                text127                           18838    18838      AF0     8000       0
                text126                            273A     273A       2C        4       0
                text125                            2308     2308       3A        4       0
                text124                            1ABE     1ABE       54        4       0
                text123                           1DFA4    1DFA4      182     8000       0
                text122                           1F798    1F798       DC     8000       0
                text121                           1DC92    1DC92      18A     8000       0
                text120                           1E2A4    1E2A4      166     8000       0
                text119                            2058     2058       42        4       0
                text118                           1B7D8    1B7D8      2E6     8000       0
                text117                            1D9C     1D9C       48        4       0
                text116                           17124    17124      C1A     8000       0
                text115                           1D3C0    1D3C0      1EE     8000       0
                text114                           1D946    1D946      1AA     8000       0
                text113                           1E56E    1E56E      14E     8000       0
                text112                           1F3E8    1F3E8       F2     8000       0
                text111                           1FAFE    1FAFE       D2     8000       0
                text110                           1CBD0    1CBD0      206     8000       0
                text109                           1BDA4    1BDA4      2AA     8000       0
                text108                           10000    10000     3286     8000       0
                text107                            14D4     14D4       6A        4       0
                text106                           1ECB4    1ECB4      11C     8000       0
                text105                           1D5AE    1D5AE      1E4     8000       0
                text104                            13F8     13F8       6E        4       0
                text103                           1F5CA    1F5CA       E8     8000       0
                text102                            2E76     2E76        A        4       0
                text101                            2E6C     2E6C        A        4       0
                text100                            2E62     2E62        A        4       0
                text99                             2E58     2E58        A        4       0
                text98                            1EA70    1EA70      124     8000       0
                text97                             1388     1388       70        4       0
                text96                            1C56A    1C56A      23A     8000       0
                text95                             18AE     18AE       5C        4       0
                text94                             2946     2946       22        4       0
                text93                             2F76     2F76        4     1779       0
                text92                             2A18     2A18       1C        4       0
                text91                            1FF0A    1FF0A       C6     8000       0
                text90                             28FE     28FE       24        4       0
                text89                             2DD0     2DD0        E        4       0
                text88                             1A6A     1A6A       54        4       0
                text87                             2DC2     2DC2        E        4       0
                text86                             2DB4     2DB4        E        4       0
                text85                             2DA6     2DA6        E        4       0
                text84                             1050     1050       7C        4       0
                text83                             2D98     2D98        E        4       0
                text82                             2D8A     2D8A        E        4       0
                text81                             2D7C     2D7C        E        4       0
                text80                             2D6E     2D6E        E        4       0
                text79                             2D60     2D60        E        4       0
                text78                              326      326       B2        4       0
                text77                             28B4     28B4       26        4       0
                text76                             283C     283C       28        4       0
                text75                             2E4E     2E4E        A        4       0
                text74                             2460     2460       36        4       0
                text73                             2EBA     2EBA        8        4       0
                text72                             2E20     2E20        C        4       0
                text71                             29FC     29FC       1C        4       0
                text70                            1FFD0    1FFD0       30     8000       0
                text69                             2F28     2F28        6     1779       0
                text68                             2F22     2F22        6     1779       0
                text67                             2F1C     2F1C        6     1779       0
                text66                             2BEC     2BEC       16        4       0
                text65                             2BD6     2BD6       16        4       0
                text64                             2BC0     2BC0       16        4       0
                text63                             1B66     1B66       52        4       0
                text62                             28DA     28DA       24        4       0
                text61                              B0A      B0A       92        4       0
                text60                             29E0     29E0       1C        4       0
                text59                             228C     228C       3E        4       0
                text58                             224E     224E       3E        4       0
                text57                             2210     2210       3E        4       0
                text56                             21D2     21D2       3E        4       0
                text55                             2194     2194       3E        4       0
                text54                             17F2     17F2       5E        4       0
                text53                             2156     2156       3E        4       0
                text52                             2118     2118       3E        4       0
                text51                             20DA     20DA       3E        4       0
                text50                             1794     1794       5E        4       0
                text49                             2D52     2D52        E        4       0
                text48                             2D44     2D44        E        4       0
                text47                             2E44     2E44        A        4       0
                text46                             2F16     2F16        6     1779       0
                text45                             2F10     2F10        6     1779       0
                text44                             2E14     2E14        C        4       0
                text43                             2E08     2E08        C        4       0
                text42                             2F0A     2F0A        6     1779       0
                text41                             2BAA     2BAA       16        4       0
                text40                             2F04     2F04        6     1779       0
                text39                             2EFE     2EFE        6     1779       0
                text38                             2EF8     2EF8        6     1779       0
                text37                             2EF2     2EF2        6     1779       0
                text36                             2B94     2B94       16        4       0
                text35                             2B7E     2B7E       16        4       0
                text34                             2CE6     2CE6       12        4       0
                text33                             2B68     2B68       16        4       0
                text32                             23F0     23F0       38        4       0
                text31                             2968     2968       20        4       0
                text30                            1E6BC    1E6BC      148     8000       0
                text29                              26E      26E       B8        4       0
                text28                              D44      D44       8A        4       0
                text27                              48A      48A       B0        4       0
                text26                             2B08     2B08       18        4       0
                text25                             2D36     2D36        E        4       0
                text24                             2D28     2D28        E        4       0
                text23                             24C8     24C8       32        4       0
                text22                             2CD4     2CD4       12        4       0
                text21                             2AF0     2AF0       18        4       0
                text20                             2CC2     2CC2       12        4       0
                text19                             2AA2     2AA2       1A        4       0
                text18                             10CC     10CC       7A        4       0
                text17                              E54      E54       82        4       0
                text16                             2A88     2A88       1A        4       0
                text15                             1232     1232       72        4       0
                text14                             190A     190A       5A        4       0
                text13                             2988     2988       1E        4       0
                text12                             1736     1736       5E        4       0
                text11                             2EB2     2EB2        8        4       0
                text10                             27BE     27BE       2A        4       0
                text9                               5EA      5EA       AC        4       0
                text8                              29C4     29C4       1C        4       0
                text7                               ED6      ED6       80        4       0
                text6                              2496     2496       32        4       0
                text5                               CBA      CBA       8A        4       0
                text4                               B9C      B9C       90        4       0
                text3                             1CFDA    1CFDA      1F6     8000       0
                text2                              2CB0     2CB0       12        4       0
                text1                              1D4E     1D4E       4E        4       0
                text0                              1A16     1A16       54        4       0
                cstackCOMRAM                        501      501       5F      501       1
                cstackBANK5                         560      560       9D      560       1
                cstackBANK6                         600      600       D9      600       1
                cstackBANK7                         7E8      7E8        8      700       1
                bssBANK10                           A00      A00      100      A00       1
                bssBANK9                            900      900       80      900       1
                bssBANK8                            800      800       F8      800       1
                dataBANK7                           7F0      7F0        7      700       1
                bssBANK7                            700      700       CD      700       1
                bssBANK6                            6D9      6D9       1F      600       1
                bssBANK5                            5FF      5FF        1      560       1
                cinit                               FD4      FD4       7C        4       0
                nvBANK7                             7CD      7CD       1B      700       1
                nvBANK6                             6F8      6F8        1      600       1
                nvBANK5                             5FD      5FD        2      560       1
                idataBANK7                         2EEA     2EEA        7        4       0

TOTAL           Name                               Link     Load   Length     Space
        CLASS   CODE           
                init                                 1A       1A        4         0
                reset_vec                             0        0        4         0
                ivt0x8                                8        8       12         0
                text294                            252C     252C       32         0
                text293                            2D18     2D18       10         0
                text292                            153E     153E       6A         0
                text291                           1A3AC    1A3AC      456         0
                text290                           1D792    1D792      1B4         0
                text289                           1B43C    1B43C      39C         0
                text288                            16D6     16D6       60         0
                text287                             934      934       A4         0
                text286                           19328    19328      702         0
                text285                           1AC52    1AC52      44E         0
                text284                             A76      A76       94         0
                text283                           1C2F8    1C2F8      272         0
                text282                            1676     1676       60         0
                text281                            2EE2     2EE2        8         0
                text280                            2E38     2E38        C         0
                text279                            2A6C     2A6C       1C         0
                text278                            2792     2792       2C         0
                text277                            2F70     2F70        6         0
                text276                            2F6A     2F6A        6         0
                text275                            2F64     2F64        6         0
                text274                            2C86     2C86       16         0
                text273                            2C70     2C70       16         0
                text272                            2C5A     2C5A       16         0
                text271                            1C5C     1C5C       52         0
                text270                            2922     2922       24         0
                text269                             C2C      C2C       8E         0
                text268                            2A50     2A50       1C         0
                text267                            26AE     26AE       30         0
                text266                            267E     267E       30         0
                text265                            264E     264E       30         0
                text264                            261E     261E       30         0
                text263                            25EE     25EE       30         0
                text262                            1CFE     1CFE       50         0
                text261                            25BE     25BE       30         0
                text260                            258E     258E       30         0
                text259                            255E     255E       30         0
                text258                            1CAE     1CAE       50         0
                text257                            2F86     2F86        4         0
                text256                            2F82     2F82        4         0
                text255                            2EA8     2EA8        A         0
                text254                            2F5E     2F5E        6         0
                text253                            2F58     2F58        6         0
                text252                            2E9E     2E9E        A         0
                text251                            2E94     2E94        A         0
                text250                            2F52     2F52        6         0
                text249                            2C44     2C44       16         0
                text248                            2F4C     2F4C        6         0
                text247                            2F46     2F46        6         0
                text246                            2F40     2F40        6         0
                text245                            2F3A     2F3A        6         0
                text244                            2C2E     2C2E       16         0
                text243                            2C18     2C18       16         0
                text242                            2EDA     2EDA        8         0
                text241                            2E2C     2E2C        C         0
                text240                            270C     270C       2E         0
                text239                            2C02     2C02       16         0
                text238                           1E94A    1E94A      126         0
                text237                             9D8      9D8       9E         0
                text236                             F56      F56       7E         0
                text235                             890      890       A4         0
                text234                            2DFA     2DFA        E         0
                text233                            2F7E     2F7E        4         0
                text232                            2F7A     2F7A        4         0
                text231                            288C     288C       28         0
                text230                            2ED2     2ED2        8         0
                text229                            2DEC     2DEC        E         0
                text228                            2ECA     2ECA        8         0
                text227                            2D08     2D08       10         0
                text226                            1466     1466       6E         0
                text225                            11BC     11BC       76         0
                text224                            2CF8     2CF8       10         0
                text223                            1316     1316       72         0
                text222                            1964     1964       5A         0
                text221                            29A6     29A6       1E         0
                text220                            1C0A     1C0A       52         0
                text219                            2EC2     2EC2        8         0
                text218                            2812     2812       2A         0
                text217                             7EC      7EC       A4         0
                text216                            2A34     2A34       1C         0
                text215                             DCE      DCE       86         0
                text214                           1EB94    1EB94      120         0
                text213                            1146     1146       76         0
                text212                            2AD6     2AD6       1A         0
                text211                            2E8A     2E8A        A         0
                text210                             1AA      1AA       C4         0
                text209                             53A      53A       B0         0
                text208                             742      742       AA         0
                text207                           1F0E6    1F0E6      104         0
                text206                            2428     2428       38         0
                text205                           19EEC    19EEC      4C0         0
                text204                            1F46     1F46       46         0
                text203                           1EED8    1EED8      108         0
                text202                           1F2EA    1F2EA       FE         0
                text201                           1C9BA    1C9BA      216         0
                text200                            2F96     2F96        2         0
                text199                            2F94     2F94        2         0
                text198                            2B50     2B50       18         0
                text197                            2E80     2E80        A         0
                text196                           1FA26    1FA26       D8         0
                text195                            2014     2014       44         0
                text194                            1B12     1B12       54         0
                text193                              E4       E4       C6         0
                text192                            1610     1610       66         0
                text191                            2F92     2F92        2         0
                text190                            1FD0     1FD0       44         0
                text189                           17D3E    17D3E      AFA         0
                text188                            27E8     27E8       2A         0
                text187                            2F90     2F90        2         0
                text186                            1F8C     1F8C       44         0
                text185                           1E126    1E126      17E         0
                text184                           1F94E    1F94E       D8         0
                text183                           1DE1C    1DE1C      188         0
                text182                           1E40A    1E40A      164         0
                text181                            209A     209A       40         0
                text180                           1BABE    1BABE      2E6         0
                text179                            1F00     1F00       46         0
                text178                           16500    16500      C24         0
                text177                           1D1D0    1D1D0      1F0         0
                text176                           1DAF0    1DAF0      1A2         0
                text175                           1E804    1E804      146         0
                text174                           1F4DA    1F4DA       F0         0
                text173                           1FCA2    1FCA2       D0         0
                text172                           1CDD6    1CDD6      204         0
                text171                           1C04E    1C04E      2AA         0
                text170                           13286    13286     327A         0
                text169                            12A4     12A4       72         0
                text168                            2864     2864       28         0
                text167                           1FBD0    1FBD0       D2         0
                text166                            2F34     2F34        6         0
                text165                            2F8E     2F8E        2         0
                text164                            24FA     24FA       32         0
                text163                            26DE     26DE       2E         0
                text162                            2C9C     2C9C       14         0
                text161                            2766     2766       2C         0
                text160                            2F2E     2F2E        6         0
                text159                            2F8C     2F8C        2         0
                text158                            2F8A     2F8A        2         0
                text157                           1FD72    1FD72       CE         0
                text156                            1EBA     1EBA       46         0
                text155                           1F6B2    1F6B2       E6         0
                text154                            1BB8     1BB8       52         0
                text153                            1850     1850       5E         0
                text152                            2B38     2B38       18         0
                text151                            2B20     2B20       18         0
                text150                              1E       1E       C6         0
                text149                             3D8      3D8       B2         0
                text148                           1B0A0    1B0A0      39C         0
                text147                             696      696       AC         0
                text146                           1EFE0    1EFE0      106         0
                text145                           1A802    1A802      450         0
                text144                            23B6     23B6       3A         0
                text143                           19A2A    19A2A      4C2         0
                text142                            1E2C     1E2C       48         0
                text141                           1EDD0    1EDD0      108         0
                text140                           1F1EA    1F1EA      100         0
                text139                           1C7A4    1C7A4      216         0
                text138                            22CA     22CA       3E         0
                text137                            237C     237C       3A         0
                text136                            2ABC     2ABC       1A         0
                text135                            2DDE     2DDE        E         0
                text134                           1F874    1F874       DA         0
                text133                            1DE4     1DE4       48         0
                text132                            19BE     19BE       58         0
                text131                           1FE40    1FE40       CA         0
                text130                            15A8     15A8       68         0
                text129                            2342     2342       3A         0
                text128                            1E74     1E74       46         0
                text127                           18838    18838      AF0         0
                text126                            273A     273A       2C         0
                text125                            2308     2308       3A         0
                text124                            1ABE     1ABE       54         0
                text123                           1DFA4    1DFA4      182         0
                text122                           1F798    1F798       DC         0
                text121                           1DC92    1DC92      18A         0
                text120                           1E2A4    1E2A4      166         0
                text119                            2058     2058       42         0
                text118                           1B7D8    1B7D8      2E6         0
                text117                            1D9C     1D9C       48         0
                text116                           17124    17124      C1A         0
                text115                           1D3C0    1D3C0      1EE         0
                text114                           1D946    1D946      1AA         0
                text113                           1E56E    1E56E      14E         0
                text112                           1F3E8    1F3E8       F2         0
                text111                           1FAFE    1FAFE       D2         0
                text110                           1CBD0    1CBD0      206         0
                text109                           1BDA4    1BDA4      2AA         0
                text108                           10000    10000     3286         0
                text107                            14D4     14D4       6A         0
                text106                           1ECB4    1ECB4      11C         0
                text105                           1D5AE    1D5AE      1E4         0
                text104                            13F8     13F8       6E         0
                text103                           1F5CA    1F5CA       E8         0
                text102                            2E76     2E76        A         0
                text101                            2E6C     2E6C        A         0
                text100                            2E62     2E62        A         0
                text99                             2E58     2E58        A         0
                text98                            1EA70    1EA70      124         0
                text97                             1388     1388       70         0
                text96                            1C56A    1C56A      23A         0
                text95                             18AE     18AE       5C         0
                text94                             2946     2946       22         0
                text93                             2F76     2F76        4         0
                text92                             2A18     2A18       1C         0
                text91                            1FF0A    1FF0A       C6         0
                text90                             28FE     28FE       24         0
                text89                             2DD0     2DD0        E         0
                text88                             1A6A     1A6A       54         0
                text87                             2DC2     2DC2        E         0
                text86                             2DB4     2DB4        E         0
                text85                             2DA6     2DA6        E         0
                text84                             1050     1050       7C         0
                text83                             2D98     2D98        E         0
                text82                             2D8A     2D8A        E         0
                text81                             2D7C     2D7C        E         0
                text80                             2D6E     2D6E        E         0
                text79                             2D60     2D60        E         0
                text78                              326      326       B2         0
                text77                             28B4     28B4       26         0
                text76                             283C     283C       28         0
                text75                             2E4E     2E4E        A         0
                text74                             2460     2460       36         0
                text73                             2EBA     2EBA        8         0
                text72                             2E20     2E20        C         0
                text71                             29FC     29FC       1C         0
                text70                            1FFD0    1FFD0       30         0
                text69                             2F28     2F28        6         0
                text68                             2F22     2F22        6         0
                text67                             2F1C     2F1C        6         0
                text66                             2BEC     2BEC       16         0
                text65                             2BD6     2BD6       16         0
                text64                             2BC0     2BC0       16         0
                text63                             1B66     1B66       52         0
                text62                             28DA     28DA       24         0
                text61                              B0A      B0A       92         0
                text60                             29E0     29E0       1C         0
                text59                             228C     228C       3E         0
                text58                             224E     224E       3E         0
                text57                             2210     2210       3E         0
                text56                             21D2     21D2       3E         0
                text55                             2194     2194       3E         0
                text54                             17F2     17F2       5E         0
                text53                             2156     2156       3E         0
                text52                             2118     2118       3E         0
                text51                             20DA     20DA       3E         0
                text50                             1794     1794       5E         0
                text49                             2D52     2D52        E         0
                text48                             2D44     2D44        E         0
                text47                             2E44     2E44        A         0
                text46                             2F16     2F16        6         0
                text45                             2F10     2F10        6         0
                text44                             2E14     2E14        C         0
                text43                             2E08     2E08        C         0
                text42                             2F0A     2F0A        6         0
                text41                             2BAA     2BAA       16         0
                text40                             2F04     2F04        6         0
                text39                             2EFE     2EFE        6         0
                text38                             2EF8     2EF8        6         0
                text37                             2EF2     2EF2        6         0
                text36                             2B94     2B94       16         0
                text35                             2B7E     2B7E       16         0
                text34                             2CE6     2CE6       12         0
                text33                             2B68     2B68       16         0
                text32                             23F0     23F0       38         0
                text31                             2968     2968       20         0
                text30                            1E6BC    1E6BC      148         0
                text29                              26E      26E       B8         0
                text28                              D44      D44       8A         0
                text27                              48A      48A       B0         0
                text26                             2B08     2B08       18         0
                text25                             2D36     2D36        E         0
                text24                             2D28     2D28        E         0
                text23                             24C8     24C8       32         0
                text22                             2CD4     2CD4       12         0
                text21                             2AF0     2AF0       18         0
                text20                             2CC2     2CC2       12         0
                text19                             2AA2     2AA2       1A         0
                text18                             10CC     10CC       7A         0
                text17                              E54      E54       82         0
                text16                             2A88     2A88       1A         0
                text15                             1232     1232       72         0
                text14                             190A     190A       5A         0
                text13                             2988     2988       1E         0
                text12                             1736     1736       5E         0
                text11                             2EB2     2EB2        8         0
                text10                             27BE     27BE       2A         0
                text9                               5EA      5EA       AC         0
                text8                              29C4     29C4       1C         0
                text7                               ED6      ED6       80         0
                text6                              2496     2496       32         0
                text5                               CBA      CBA       8A         0
                text4                               B9C      B9C       90         0
                text3                             1CFDA    1CFDA      1F6         0
                text2                              2CB0     2CB0       12         0
                text1                              1D4E     1D4E       4E         0
                text0                              1A16     1A16       54         0
                cinit                               FD4      FD4       7C         0
                idataBANK7                         2EEA     2EEA        7         0

        CLASS   CONST          

        CLASS   SMALLCONST     

        CLASS   MEDIUMCONST    
                mediumconst                        FDCC     FDCC      234         0

        CLASS   COMRAM         
                cstackCOMRAM                        501      501       5F         1

        CLASS   ABS1           

        CLASS   BIGRAM         

        CLASS   RAM            

        CLASS   BANK5          
                cstackBANK5                         560      560       9D         1
                bssBANK5                            5FF      5FF        1         1
                nvBANK5                             5FD      5FD        2         1

        CLASS   BANK6          
                cstackBANK6                         600      600       D9         1
                bssBANK6                            6D9      6D9       1F         1
                nvBANK6                             6F8      6F8        1         1

        CLASS   BANK7          
                cstackBANK7                         7E8      7E8        8         1
                dataBANK7                           7F0      7F0        7         1
                bssBANK7                            700      700       CD         1
                nvBANK7                             7CD      7CD       1B         1

        CLASS   BANK8          
                bssBANK8                            800      800       F8         1

        CLASS   BANK9          
                bssBANK9                            900      900       80         1

        CLASS   BANK10         
                bssBANK10                           A00      A00      100         1

        CLASS   BANK11         

        CLASS   BANK12         

        CLASS   BANK13         

        CLASS   BANK14         

        CLASS   BANK15         

        CLASS   BANK16         

        CLASS   BANK17         

        CLASS   BANK18         

        CLASS   BANK19         

        CLASS   BANK20         

        CLASS   BANK21         

        CLASS   BANK22         

        CLASS   BANK23         

        CLASS   BANK24         

        CLASS   BANK25         

        CLASS   BANK26         

        CLASS   BANK27         

        CLASS   BANK28         

        CLASS   BANK29         

        CLASS   BANK30         

        CLASS   BANK31         

        CLASS   BANK32         

        CLASS   BANK33         

        CLASS   BANK34         

        CLASS   BANK35         

        CLASS   BANK36         

        CLASS   SFR            

        CLASS   BIGSFR         

        CLASS   CONFIG         
                config                           300000   300000        A         4

        CLASS   IDLOC          
                idloc                            200000   200000       40         5

        CLASS   EEDATA         

        CLASS   FARRAM         

        CLASS   HEAP           

        CLASS   STACK          



SEGMENTS        Name                           Load    Length   Top    Selector   Space  Class

                reset_vec                      000000  000004  000004         0       0  CODE    
                ivt0x8                         000008  002EE9  002EF1         4       0  CODE    
                cstackCOMRAM                   000501  00005F  000560       501       1  COMRAM  
                cstackBANK5                    000560  0000A0  000600       560       1  BANK5   
                cstackBANK6                    000600  0000F9  0006F9       600       1  BANK6   
                bssBANK7                       000700  0000F7  0007F7       700       1  BANK7   
                bssBANK8                       000800  0000F8  0008F8       800       1  BANK8   
                bssBANK9                       000900  000080  000980       900       1  BANK9   
                bssBANK10                      000A00  000100  000B00       A00       1  BANK10  
                text37                         002EF2  0000A6  002F98      1779       0  CODE    
                mediumconst                    00FDCC  000234  010000      7EE6       0  MEDIUMCO
                text108                        010000  010000  020000      8000       0  CODE    


UNUSED ADDRESS RANGES

        Name                Unused          Largest block    Delta
        BANK11           000B00-000BFF              100
        BANK12           000C00-000CFF              100
        BANK13           000D00-000DFF              100
        BANK14           000E00-000EFF              100
        BANK15           000F00-000FFF              100
        BANK16           001000-0010FF              100
        BANK17           001100-0011FF              100
        BANK18           001200-0012FF              100
        BANK19           001300-0013FF              100
        BANK20           001400-0014FF              100
        BANK21           001500-0015FF              100
        BANK22           001600-0016FF              100
        BANK23           001700-0017FF              100
        BANK24           001800-0018FF              100
        BANK25           001900-0019FF              100
        BANK26           001A00-001AFF              100
        BANK27           001B00-001BFF              100
        BANK28           001C00-001CFF              100
        BANK29           001D00-001DFF              100
        BANK30           001E00-001EFF              100
        BANK31           001F00-001FFF              100
        BANK32           002000-0020FF              100
        BANK33           002100-0021FF              100
        BANK34           002200-0022FF              100
        BANK35           002300-0023FF              100
        BANK36           002400-0024FF              100
        BANK6            0006F9-0006FF                7
        BANK7            0007F7-0007FF                9
        BANK8            0008F8-0008FF                8
        BANK9            000980-0009FF               80
        BIGRAM           0006F9-0006FF                7
                         0007F7-0007FF                9
                         0008F8-0008FF                8
                         000980-0009FF               80
                         000B00-0024FF             1A00
        BIGSFR           000000-0004FF              500
                         002500-0025FF              100
        CODE             000004-000007                4
                         002EF1-002EF1                1
                         002F98-00FDCB             CE34
        CONFIG           30000A-300011                8
        CONST            000004-000007                4
                         002EF1-002EF1                1
                         002F98-00FDCB             CE34
        EEDATA           380000-3803FF              400
        MEDIUMCONST      002EF1-002EF1                1
                         002F98-00FDCB             CE34
        RAM              0006F9-0006FF                7
                         0007F7-0007FF                9
                         0008F8-0008FF                8
                         000980-0009FF               80
                         000B00-0024FF              100
        SFR              000000-0004FF              100
                         002500-0025FF              100
        SMALLCONST       002EF1-002EF1                1
                         002F98-00FDCB              100

                                  Symbol Table

?_ADCC_GetSingleConversion                                  cstackCOMRAM 000501
?_ATCMD_Print                                               cstackBANK6  0006C9
?_ATCMD_strcon                                              cstackBANK6  000606
?_BME280_compensateHumidity                                 cstackCOMRAM 00050D
?_BME280_compensatePressure                                 cstackCOMRAM 00050E
?_BME280_compensateTemperature                              cstackCOMRAM 00050D
?_BME280_getHumidity                                        cstackCOMRAM 00055C
?_BME280_getPressure                                        cstackCOMRAM 00055C
?_BME280_getTemperature                                     cstackCOMRAM 00055C
?___aodiv                                                   cstackBANK6  000606
?___aomod                                                   cstackBANK6  000606
?___awdiv                                                   cstackBANK6  000606
?___awmod                                                   cstackBANK6  000606
?___fladd                                                   cstackBANK6  000606
?___fldiv                                                   cstackBANK6  000606
?___flmul                                                   cstackBANK6  000606
?___flneg                                                   cstackBANK6  000606
?___flsub                                                   cstackBANK6  00061F
?___fltol                                                   cstackBANK6  000606
?___fpclassifyf                                             cstackBANK6  000606
?___lldiv                                                   cstackCOMRAM 000501
?___lmul                                                    cstackCOMRAM 000501
?___lodiv                                                   cstackBANK6  000606
?___lomod                                                   cstackBANK6  000606
?___wmul                                                    cstackBANK6  000606
?___xxtofl                                                  cstackCOMRAM 000542
?_abs                                                       cstackBANK6  000618
?_atoa                                                      cstackBANK6  000633
?_atoi                                                      cstackBANK6  00060D
?_ctoa                                                      cstackBANK6  000611
?_dtoa                                                      cstackBANK6  000623
?_efgtoa                                                    cstackBANK6  000633
?_floorf                                                    cstackBANK6  00061F
?_getHumidity                                               cstackBANK6  000606
?_getLightIntensity                                         cstackBANK6  000606
?_getPressure                                               cstackBANK6  000606
?_getTemp                                                   cstackBANK6  000606
?_isalpha                                                   cstackBANK6  000606
?_isdigit                                                   cstackBANK6  000606
?_islower                                                   cstackBANK6  000606
?_isspace                                                   cstackBANK6  000606
?_isupper                                                   cstackBANK6  000606
?_otoa                                                      cstackBANK6  000623
?_pad                                                       cstackBANK6  000618
?_printf                                                    cstackBANK5  0005F7
?_snprintf                                                  cstackBANK6  0006AD
?_stoa                                                      cstackBANK6  000611
?_strlen                                                    cstackBANK6  000606
?_strncmp                                                   cstackBANK6  000606
?_tolower                                                   cstackBANK6  00060C
?_toupper                                                   cstackBANK6  00060C
?_utoa                                                      cstackBANK6  000623
?_vfpfcnvrt                                                 cstackBANK6  000671
?_vfprintf                                                  cstackBANK6  0006A5
?_vsnprintf                                                 cstackBANK6  0006AD
?_xtoa                                                      cstackBANK6  000623
?i2___aodiv                                                 cstackCOMRAM 000501
?i2___aomod                                                 cstackCOMRAM 000501
?i2___awdiv                                                 cstackCOMRAM 000501
?i2___awmod                                                 cstackCOMRAM 000501
?i2___fladd                                                 cstackCOMRAM 000501
?i2___fldiv                                                 cstackCOMRAM 000550
?i2___flmul                                                 cstackCOMRAM 000501
?i2___flneg                                                 cstackCOMRAM 000501
?i2___flsub                                                 cstackCOMRAM 00051A
?i2___fltol                                                 cstackBANK5  000571
?i2___fpclassifyf                                           cstackCOMRAM 000501
?i2___lodiv                                                 cstackCOMRAM 000501
?i2___lomod                                                 cstackCOMRAM 000501
?i2___wmul                                                  cstackCOMRAM 000501
?i2_abs                                                     cstackCOMRAM 000513
?i2_atoa                                                    cstackBANK5  00057D
?i2_atoi                                                    cstackCOMRAM 000507
?i2_ctoa                                                    cstackCOMRAM 00050C
?i2_dtoa                                                    cstackCOMRAM 00051E
?i2_efgtoa                                                  cstackBANK5  00057D
?i2_floorf                                                  cstackCOMRAM 00055C
?i2_otoa                                                    cstackCOMRAM 00051E
?i2_pad                                                     cstackCOMRAM 000513
?i2_stoa                                                    cstackCOMRAM 00050C
?i2_strlen                                                  cstackCOMRAM 000501
?i2_strncmp                                                 cstackCOMRAM 000501
?i2_tolower                                                 cstackCOMRAM 000503
?i2_toupper                                                 cstackCOMRAM 000503
?i2_utoa                                                    cstackCOMRAM 00051E
?i2_vfpfcnvrt                                               cstackBANK5  0005BB
?i2_vfprintf                                                cstackBANK5  0005EF
?i2_xtoa                                                    cstackCOMRAM 00051E
ADCC_GetSingleConversion@channel                            cstackCOMRAM 000505
ATCMD_Print@args                                            cstackBANK7  0007EC
ATCMD_Print@format                                          cstackBANK6  0006C9
ATCMD_Print@ix                                              cstackBANK7  0007EA
ATCMD_Print@len                                             cstackBANK7  0007E8
ATCMD_ReadLine@byte                                         cstackBANK6  000607
ATCMD_ReadLine@ix                                           cstackBANK6  000608
ATCMD_strcon@a                                              cstackBANK6  000606
ATCMD_strcon@b                                              cstackBANK6  000608
ATCMD_strcon@i                                              cstackBANK6  00060D
BME280_compensateHumidity@h                                 cstackCOMRAM 000526
BME280_compensateHumidity@humV                              cstackCOMRAM 00053E
BME280_compensatePressure@p                                 cstackCOMRAM 000527
BME280_compensatePressure@pressV1                           cstackCOMRAM 00052B
BME280_compensatePressure@pressV2                           cstackCOMRAM 000523
BME280_compensateTemperature@t                              cstackCOMRAM 00052C
BME280_compensateTemperature@tempV1                         cstackCOMRAM 000524
BME280_compensateTemperature@tempV2                         cstackCOMRAM 000528
BME280_config@coeff                                         cstackBANK6  000606
BME280_config@sbtime                                        cstackBANK6  000608
BME280_ctrl_hum@osrs_H                                      cstackBANK6  000606
BME280_ctrl_meas@mode                                       cstackBANK6  000607
BME280_ctrl_meas@osrs_P                                     cstackBANK6  000606
BME280_ctrl_meas@osrs_T                                     cstackBANK6  000609
BME280_getHumidity@humidity                                 cstackBANK5  00056D
BME280_getPressure@pressure                                 cstackBANK5  00056D
BME280_getTemperature@temperature                           cstackBANK5  00056D
BME280_readFactoryCalibrationParams@paramBuff               cstackBANK6  000628
BME280_readMeasurements@sensorData                          cstackCOMRAM 00052D
I2C1_CallbackReturnReset@funPtr                             cstackBANK6  000611
I2C1_Close@returnValue                                      cstackBANK6  000606
I2C1_DO_RX@retFsmState                                      cstackBANK6  000617
I2C1_DO_TX@dataTx                                           cstackBANK6  000617
I2C1_DO_TX@retFsmState                                      cstackBANK6  000618
I2C1_MasterOperation@read                                   cstackBANK6  000619
I2C1_MasterOperation@returnValue                            cstackBANK6  00061A
I2C1_MasterSendTxData@data                                  cstackBANK6  000606
I2C1_MasterSetCounter@counter                               cstackBANK6  000606
I2C1_Open@address                                           cstackBANK6  000606
I2C1_Open@returnValue                                       cstackBANK6  000607
I2C1_Read1ByteRegister@address                              cstackBANK6  00061C
I2C1_Read1ByteRegister@reg                                  cstackBANK6  00061B
I2C1_Read1ByteRegister@returnValue                          cstackBANK6  00061D
I2C1_ReadDataBlock@address                                  cstackBANK6  000620
I2C1_ReadDataBlock@bufferBlock                              cstackBANK6  000621
I2C1_ReadDataBlock@data                                     cstackBANK6  00061C
I2C1_ReadDataBlock@len                                      cstackBANK6  00061E
I2C1_ReadDataBlock@reg                                      cstackBANK6  00061B
I2C1_SetAddressNackCallback@cb                              cstackBANK6  00060C
I2C1_SetAddressNackCallback@ptr                             cstackBANK6  00060F
I2C1_SetBuffer@buffer                                       cstackBANK6  000606
I2C1_SetBuffer@bufferSize                                   cstackBANK6  000608
I2C1_SetCallback@cb                                         cstackBANK6  000606
I2C1_SetCallback@idx                                        cstackBANK6  00060B
I2C1_SetCallback@ptr                                        cstackBANK6  000609
I2C1_SetDataCompleteCallback@cb                             cstackBANK6  00060C
I2C1_SetDataCompleteCallback@ptr                            cstackBANK6  00060F
I2C1_Write1ByteRegister@address                             cstackBANK6  00061D
I2C1_Write1ByteRegister@data                                cstackBANK6  00061C
I2C1_Write1ByteRegister@reg                                 cstackBANK6  00061B
INTSTAT_ADDR                                                (abs)        0000D7
IVTBASEH                                                    (abs)        00045E
IVTBASEL                                                    (abs)        00045D
IVTBASEU                                                    (abs)        00045F
TMR1_SetInterruptHandler@InterruptHandler                   cstackBANK6  000606
TMR1_WriteTimer@timerVal                                    cstackCOMRAM 000501
UART1_SetErrorHandler@interruptHandler                      cstackBANK6  000606
UART1_SetFramingErrorHandler@interruptHandler               cstackBANK6  000606
UART1_SetOverrunErrorHandler@interruptHandler               cstackBANK6  000606
UART1_Write@txData                                          cstackBANK6  000606
UART3_Read@readValue                                        cstackBANK6  000606
UART3_SetErrorHandler@interruptHandler                      cstackBANK6  000606
UART3_SetFramingErrorHandler@interruptHandler               cstackBANK6  000606
UART3_SetOverrunErrorHandler@interruptHandler               cstackBANK6  000606
UART3_SetRxInterruptHandler@InterruptHandler                cstackBANK6  000606
UART3_SetTxInterruptHandler@InterruptHandler                cstackBANK6  000606
UART3_Write@txData                                          cstackBANK6  000606
_ACTCON                                                     (abs)        0000AC
_ADACCH                                                     (abs)        0003E4
_ADACCL                                                     (abs)        0003E3
_ADACCU                                                     (abs)        0003E5
_ADACQH                                                     (abs)        0003EF
_ADACQL                                                     (abs)        0003EE
_ADACT                                                      (abs)        0003F9
_ADCAP                                                      (abs)        0003F0
_ADCC_GetSingleConversion                                   text294      00252C
_ADCC_Initialize                                            text95       0018AE
_ADCLK                                                      (abs)        0003FA
_ADCNT                                                      (abs)        0003E6
_ADCON0                                                     (abs)        0003F3
_ADCON0bits                                                 (abs)        0003F3
_ADCON1                                                     (abs)        0003F4
_ADCON1bits                                                 (abs)        0003F4
_ADCON2                                                     (abs)        0003F5
_ADCON2bits                                                 (abs)        0003F5
_ADCON3                                                     (abs)        0003F6
_ADCON3bits                                                 (abs)        0003F6
_ADERRH                                                     (abs)        0003DE
_ADERRL                                                     (abs)        0003DD
_ADFLTRH                                                    (abs)        0003E2
_ADFLTRL                                                    (abs)        0003E1
_ADLTHH                                                     (abs)        0003DA
_ADLTHL                                                     (abs)        0003D9
_ADPCH                                                      (abs)        0003EC
_ADPREH                                                     (abs)        0003F2
_ADPREL                                                     (abs)        0003F1
_ADPREVH                                                    (abs)        0003E9
[...]
		_I2C1_MasterIsStopFlagSet		CODE           	2BC0	0000	22
		_I2C1_CallbackReturnReset		CODE           	2D44	0000	14
		_I2C1_DO_RESET 		CODE           	2AA2	0000	26
		_I2C1_Poller   		CODE           	2988	0000	30
		_I2C1_DO_RX_ACK		CODE           	2CD4	0000	18
		_I2C1_DO_TX_ACK		CODE           	2CE6	0000	18
		_I2C1_MasterWaitForEvent		CODE           	190A	0000	90
		_I2C1_MasterSendNack		CODE           	2EFE	0000	6
		_I2C1_DO_RX_NACK_RESTART		CODE           	2CC2	0000	18
		_I2C1_MasterDisableIrq		CODE           	29FC	0000	28
		_I2C1_ClearInterruptFlags		CODE           	1B66	0000	82
		_I2C1_MasterOperation		CODE           	1736	0000	94
		_I2C1_MasterClearStopFlag		CODE           	2F1C	0000	6
		_I2C1_SetCallback		CODE           	0B0A	0000	146
		_I2C1_MasterEnableRestart		CODE           	2F10	0000	6
		_I2C1_MasterGetCounter		CODE           	2EF2	0000	6
		_I2C1_MasterSetCounter		CODE           	2E14	0000	12
		_I2C1_Open     		CODE           	05EA	0000	172
		_I2C1_DO_ADDRESS_NACK		CODE           	10CC	0000	122
		_I2C1_MasterDisableRestart		CODE           	2F16	0000	6
		_I2C1_MasterClearCountFlag		CODE           	2F28	0000	6
		_I2C1_SetBuffer		CODE           	28DA	0000	36
		_I2C1_DO_SEND_RESTART_WRITE		CODE           	2D36	0000	14
		_I2C1_MasterIsTxBufEmpty		CODE           	2B7E	0000	22
		_I2C1_MasterClose		CODE           	2E20	0000	12
		_I2C1_MasterWrite		CODE           	2EB2	0000	8
		_I2C1_Initialize		CODE           	2946	0000	34
		_I2C1_Close    		CODE           	1FFD0	0000	48
		_I2C1_MasterIsRxBufFull		CODE           	2BAA	0000	22
		_I2C1_MasterIsNack		CODE           	2B94	0000	22
		_I2C1_DO_SEND_ADR_WRITE		CODE           	2968	0000	32
		_I2C1_MasterClearIrq		CODE           	2EBA	0000	8
		_I2C1_SetDataCompleteCallback		CODE           	29E0	0000	28
		_I2C1_DO_SEND_STOP		CODE           	24C8	0000	50
		_I2C1_DO_BUS_COLLISION		CODE           	0E54	0000	130
		_I2C1_DO_BUS_ERROR		CODE           	2A88	0000	26
		_I2C1_MasterSendAck		CODE           	2F04	0000	6
		_I2C1_MasterFsm		CODE           	1232	0000	114
		_I2C1_MasterGetRxData		CODE           	2F0A	0000	6
		_I2C1_MasterResetBus		CODE           	2E44	0000	10
		_I2C1_MasterIsCountFlagSet		CODE           	2BEC	0000	22
		_I2C1_DO_SEND_ADR_READ		CODE           	23F0	0000	56
		_I2C1_DO_RX_NACK_STOP		CODE           	2AF0	0000	24

mcc_generated_files/i2c1_master.c estimated size: 2674

C:\Program Files\Microchip\xc8\v2.36\pic\sources\c99\common\floorf.c
		_floorf        		CODE           	1C7A4	0000	534

C:\Program Files\Microchip\xc8\v2.36\pic\sources\c99\common\floorf.c estimated size: 534

C:\Program Files\Microchip\xc8\v2.36\pic\sources\c99\common\sprcdiv.c
		___fldiv       		CODE           	1B0A0	0000	924

C:\Program Files\Microchip\xc8\v2.36\pic\sources\c99\common\sprcdiv.c estimated size: 924

C:\Program Files\Microchip\xc8\v2.36\pic\sources\c99\common\atoi.c
		_atoi          		CODE           	1DFA4	0000	386

C:\Program Files\Microchip\xc8\v2.36\pic\sources\c99\common\atoi.c estimated size: 386

mcc_generated_files/interrupt_manager.c
		_INTERRUPT_Initialize		CODE           	2F76	0000	4
		_INTERRUPT_InterruptManager		CODE           	1F6B2	0000	230

mcc_generated_files/interrupt_manager.c estimated size: 234

C:\Program Files\Microchip\xc8\v2.36\pic\sources\c99\common\fleq.c
		___fleq        		CODE           	0696	0000	172

C:\Program Files\Microchip\xc8\v2.36\pic\sources\c99\common\fleq.c estimated size: 172

C:\Program Files\Microchip\xc8\v2.36\pic\sources\c99\common\toupper.c
		_toupper       		CODE           	1E74	0000	70

C:\Program Files\Microchip\xc8\v2.36\pic\sources\c99\common\toupper.c estimated size: 70

C:\Program Files\Microchip\xc8\v2.36\pic\sources\c99\common\awmod.c
		___awmod       		CODE           	03D8	0000	178

C:\Program Files\Microchip\xc8\v2.36\pic\sources\c99\common\awmod.c estimated size: 178

C:\Program Files\Microchip\xc8\v2.36\pic\sources\c99\common\Umul32.c
		___lmul        		CODE           	153E	0000	106

C:\Program Files\Microchip\xc8\v2.36\pic\sources\c99\common\Umul32.c estimated size: 106

C:\Program Files\Microchip\xc8\v2.36\pic\sources\c99\common\isalpha.c
		_isalpha       		CODE           	22CA	0000	62

C:\Program Files\Microchip\xc8\v2.36\pic\sources\c99\common\isalpha.c estimated size: 62

C:\Program Files\Microchip\xc8\v2.36\pic\sources\c99\common\isspace.c
		_isspace       		CODE           	1ABE	0000	84

C:\Program Files\Microchip\xc8\v2.36\pic\sources\c99\common\isspace.c estimated size: 84

sensorHandling.c
		_WeatherStation_initialize		CODE           	1D4E	0000	78
		_getLightIntensity		CODE           	2E6C	0000	10
		_getHumidity   		CODE           	2E76	0000	10
		_AmbientClick_ReadSensor		CODE           	2D18	0000	16
		_getTemp       		CODE           	2E58	0000	10
		_WeatherClick_readSensors		CODE           	2E8A	0000	10
		_WeatherStation_Print		CODE           	1FBD0	0000	210
		_getPressure   		CODE           	2E62	0000	10
		_timer1Callback		CODE           	2F34	0000	6

sensorHandling.c estimated size: 360

mcc_generated_files/pin_manager.c
		_PIN_MANAGER_Initialize		CODE           	1FF0A	0000	198

mcc_generated_files/pin_manager.c estimated size: 198

C:\Program Files\Microchip\xc8\v2.36\pic\sources\c99\common\xxtofl.c
		___xxtofl      		CODE           	1D792	0000	436

C:\Program Files\Microchip\xc8\v2.36\pic\sources\c99\common\xxtofl.c estimated size: 436

bme280.c
		_BME280_readMeasurements		CODE           	1EB94	0000	288
		_BME280_getTemperature		CODE           	1676	0000	96
		_BME280_compensateHumidity		CODE           	1A3AC	0000	1110
		_BME280_getHumidity		CODE           	16D6	0000	96
		_BME280_reset  		CODE           	2CB0	0000	18
		_BME280_config 		CODE           	283C	0000	40
		_BME280_ctrl_meas		CODE           	2460	0000	54
		_BME280_initializeSensor		CODE           	2496	0000	50
		_BME280_compensateTemperature		CODE           	1C2F8	0000	626
		_BME280_startForcedSensing		CODE           	2AD6	0000	26
		_BME280_compensatePressure		CODE           	19328	0000	1794
		_BME280_ctrl_hum		CODE           	2E4E	0000	10
		_BME280_getPressure		CODE           	0A76	0000	148
		_BME280_readFactoryCalibrationParams		CODE           	1CFDA	0000	502

bme280.c estimated size: 4858

C:\Program Files\Microchip\xc8\v2.36\pic\sources\c99\common\strlen.c
		_strlen        		CODE           	19BE	0000	88

C:\Program Files\Microchip\xc8\v2.36\pic\sources\c99\common\strlen.c estimated size: 88

C:\Program Files\Microchip\xc8\v2.36\pic\sources\c99\common\__lldiv.c
		___lldiv       		CODE           	0934	0000	164

C:\Program Files\Microchip\xc8\v2.36\pic\sources\c99\common\__lldiv.c estimated size: 164

C:\Program Files\Microchip\xc8\v2.36\pic\sources\c99\common\lodiv.c
		___lodiv       		CODE           	1F3E8	0000	242

C:\Program Files\Microchip\xc8\v2.36\pic\sources\c99\common\lodiv.c estimated size: 242

C:\Program Files\Microchip\xc8\v2.36\pic\sources\c99\common\strcpy.c
		_strcpy        		CODE           	15A8	0000	104

C:\Program Files\Microchip\xc8\v2.36\pic\sources\c99\common\strcpy.c estimated size: 104

C:\Program Files\Microchip\xc8\v2.36\pic\sources\c99\common\aodiv.c
		___aodiv       		CODE           	1DC92	0000	394

C:\Program Files\Microchip\xc8\v2.36\pic\sources\c99\common\aodiv.c estimated size: 394

mcc_generated_files/drivers/i2c_simple_master.c
		_wr1RegCompleteHandler		CODE           	224E	0000	62
		_wr2RegCompleteHandler		CODE           	2194	0000	62
		_rdBlkRegCompleteHandler		CODE           	17F2	0000	94
		_rd1RegCompleteHandler		CODE           	2210	0000	62
		_rd2RegCompleteHandler		CODE           	21D2	0000	62

mcc_generated_files/drivers/i2c_simple_master.c estimated size: 342

mcc_generated_files/uart3.c
		_UART3_Read    		CODE           	1BB8	0000	82
		_UART3_DefaultFramingErrorHandler		CODE           	2F8C	0000	2
		_UART3_is_rx_ready		CODE           	2B38	0000	24
		_UART3_is_tx_ready		CODE           	2B20	0000	24
		_UART3_DefaultErrorHandler		CODE           	2F2E	0000	6
		_UART3_RxDataHandler		CODE           	2766	0000	44
		_UART3_DefaultOverrunErrorHandler		CODE           	2F8A	0000	2
		_UART3_Write   		CODE           	1850	0000	94
		_UART3_SetFramingErrorHandler		CODE           	2D8A	0000	14
		_UART3_SetOverrunErrorHandler		CODE           	2D7C	0000	14
		_UART3_Receive_ISR		CODE           	1FD72	0000	206
		_UART3_SetRxInterruptHandler		CODE           	2D6E	0000	14
		_UART3_SetTxInterruptHandler		CODE           	2D60	0000	14
		_UART3_Initialize		CODE           	0326	0000	178
		_UART3_SetErrorHandler		CODE           	2D98	0000	14
		_UART3_Transmit_ISR		CODE           	1EBA	0000	70

mcc_generated_files/uart3.c estimated size: 802

C:\Program Files\Microchip\xc8\v2.36\pic\sources\c99\common\isdigit.c
		_isdigit       		CODE           	2308	0000	58

C:\Program Files\Microchip\xc8\v2.36\pic\sources\c99\common\isdigit.c estimated size: 58

C:\Program Files\Microchip\xc8\v2.36\pic\sources\c99\common\nf_fputc.c
		_fputc         		CODE           	1F874	0000	218

C:\Program Files\Microchip\xc8\v2.36\pic\sources\c99\common\nf_fputc.c estimated size: 218

C:\Program Files\Microchip\xc8\v2.36\pic\sources\c99\common\sprcadd.c
		___flsub       		CODE           	1E2C	0000	72
		___fladd       		CODE           	19A2A	0000	1218

C:\Program Files\Microchip\xc8\v2.36\pic\sources\c99\common\sprcadd.c estimated size: 1290

mcc_generated_files/uart1.c
		_UART1_Write   		CODE           	2ABC	0000	26
		_putch         		CODE           	2DDE	0000	14
		_UART1_SetFramingErrorHandler		CODE           	2DB4	0000	14
		_UART1_SetOverrunErrorHandler		CODE           	2DA6	0000	14
		_UART1_Initialize		CODE           	1050	0000	124
		_UART1_SetErrorHandler		CODE           	2DC2	0000	14

mcc_generated_files/uart1.c estimated size: 206

C:\Program Files\Microchip\xc8\v2.36\pic\sources\c99\common\nf_vsnprintf.c
		_vsnprintf     		CODE           	1ECB4	0000	284

C:\Program Files\Microchip\xc8\v2.36\pic\sources\c99\common\nf_vsnprintf.c estimated size: 284

C:\Program Files\Microchip\xc8\v2.36\pic\sources\c99\common\awdiv.c
		___awdiv       		CODE           	001E	0000	198

C:\Program Files\Microchip\xc8\v2.36\pic\sources\c99\common\awdiv.c estimated size: 198

C:\Program Files\Microchip\xc8\v2.36\pic\sources\c99\common\doprnt.c
		_vfpfcnvrt     		CODE           	10000	0000	12934
		_efgtoa        		CODE           	17124	0000	3098
		_pad           		CODE           	1FE40	0000	202
		_atoa          		CODE           	18838	0000	2800
		_ctoa          		CODE           	1F798	0000	220
		_dtoa          		CODE           	1B7D8	0000	742
		_vfprintf      		CODE           	14D4	0000	106
		_otoa          		CODE           	1D3C0	0000	494
		_stoa          		CODE           	1D946	0000	426
		_utoa          		CODE           	1CBD0	0000	518
		_xtoa          		CODE           	1BDA4	0000	682

C:\Program Files\Microchip\xc8\v2.36\pic\sources\c99\common\doprnt.c estimated size: 22222

C:\Program Files\Microchip\xc8\v2.36\pic\sources\c99\common\fltol.c
		___fltol       		CODE           	1EDD0	0000	264

C:\Program Files\Microchip\xc8\v2.36\pic\sources\c99\common\fltol.c estimated size: 264

shared
		i2_I2C1_MasterDisableIrq		CODE           	2A6C	0000	28
		i2_I2C1_MasterFsm		CODE           	1316	0000	114
		i2_I2C1_Poller 		CODE           	29A6	0000	30
		_my_pw         		MEDIUMCONST    	FE48	0000	12
		i2_I2C1_SetBuffer		CODE           	2922	0000	36
		_my_ba         		MEDIUMCONST    	FE0C	0000	47
		i2_vfpfcnvrt   		CODE           	13286	0000	12922
		i2_pad         		CODE           	00E4	0000	198
		i2_atoi        		CODE           	1E126	0000	382
		i2_I2C1_MasterGetRxData		CODE           	2F52	0000	6
		i2_I2C1_DO_IDLE		CODE           	2E2C	0000	12
		i2_abs         		CODE           	209A	0000	64
		i2_stoa        		CODE           	1DAF0	0000	418
		i2_floorf      		CODE           	1C9BA	0000	534
		i2_putch       		CODE           	2E80	0000	10
		i2___fleq      		CODE           	0742	0000	170
		i2_I2C1_MasterClearNackFlag		CODE           	2F6A	0000	6
		i2_isspace     		CODE           	1F8C	0000	68
		i2_I2C1_MasterOpen		CODE           	2812	0000	42
		i2_I2C1_MasterIsCountFlagSet		CODE           	2C86	0000	22
		i2_rd2RegCompleteHandler@i2c1_master_example$F156		CODE           	258E	0000	48
		i2_I2C1_MasterIsStopFlagSet		CODE           	2C5A	0000	22
		i2_utoa        		CODE           	1CDD6	0000	516
		i2_strncmp     		CODE           	1E804	0000	326
		i2_I2C1_MasterSendTxData		CODE           	2E94	0000	10
		i2_I2C1_MasterOperation		CODE           	1C0A	0000	82
		i2_I2C1_MasterWaitForEvent		CODE           	1964	0000	90
		i2_I2C1_MasterStop		CODE           	2F40	0000	6
		i2_vfprintf    		CODE           	12A4	0000	114
		i2_I2C1_MasterResetBus		CODE           	2EA8	0000	10
		i2_isdigit     		CODE           	2F90	0000	2
		i2_xtoa        		CODE           	1C04E	0000	682
		i2_I2C1_DO_RESET		CODE           	2D08	0000	16
		i2_I2C1_SetCallback		CODE           	0C2C	0000	142
		i2_atoa        		CODE           	17D3E	0000	2810
		i2_I2C1_DO_SEND_ADR_READ		CODE           	270C	0000	46
		i2___flneg     		CODE           	2428	0000	56
		i2_strcpy      		CODE           	1610	0000	102
		i2_rdBlkRegCompleteHandler@i2c1_master_example$F179		CODE           	1CAE	0000	80
		i2___awdiv     		CODE           	01AA	0000	196
		_ok_res        		MEDIUMCONST    	FE06	0000	6
		i2_I2C1_DO_RX_NACK_STOP		CODE           	2DEC	0000	14
		i2___fladd     		CODE           	19EEC	0000	1216
		i2_ctoa        		CODE           	1F94E	0000	216
		i2_wr1RegCompleteHandler@i2c1_master_example$F162		CODE           	255E	0000	48
		i2_rd1RegCompleteHandler		CODE           	264E	0000	48
		i2_I2C1_MasterClose		CODE           	2E38	0000	12
		i2___wmul      		CODE           	27E8	0000	42
		i2_I2C1_MasterWrite		CODE           	2EC2	0000	8
		i2_dtoa        		CODE           	1BABE	0000	742
		i2___fldiv     		CODE           	1B43C	0000	924
		i2_I2C1_MasterEnableRestart		CODE           	2F58	0000	6
		i2_I2C1_MasterIsNackFlagSet		CODE           	2C70	0000	22
		i2___fltol     		CODE           	1EED8	0000	264
		i2_I2C1_DO_SEND_RESTART		CODE           	2F7A	0000	4
		i2_I2C1_MasterDisableRestart		CODE           	2F5E	0000	6
		i2_I2C1_Write1ByteRegister		CODE           	1146	0000	118
		__initialization		CODE           	0FD4	0000	118
		_my_ci         		MEDIUMCONST    	FE5D	0000	6
		i2___flge      		CODE           	1F0E6	0000	260
		i2___lodiv     		CODE           	1F4DA	0000	240
		_my_ap         		MEDIUMCONST    	FE54	0000	9
		i2_I2C1_DO_RX_EMPTY		CODE           	0890	0000	164
		i2_I2C1_DO_TX_EMPTY		CODE           	0F56	0000	126
		i2_rd2RegCompleteHandler		CODE           	261E	0000	48
		i2_I2C1_CallbackReturnStop		CODE           	2F86	0000	4
		i2___awmod     		CODE           	053A	0000	176
		i2_wr2RegCompleteHandler@i2c1_master_example$F168		CODE           	26AE	0000	48
		i2_I2C1_MasterIsNack		CODE           	2C2E	0000	22
		i2___aodiv     		CODE           	1DE1C	0000	392
		i2___flmul     		CODE           	1AC52	0000	1102
		_i2c1_fsmStateTable		MEDIUMCONST    	FDCD	0000	57
		i2_I2C1_MasterClearCountFlag		CODE           	2F70	0000	6
		i2_I2C1_DO_RX_ACK		CODE           	2ED2	0000	8
		i2_I2C1_DO_TX_ACK		CODE           	2EDA	0000	8
		_my_ts         		MEDIUMCONST    	FE3B	0000	13
		i2_I2C1_ClearInterruptFlags		CODE           	1C5C	0000	82
		i2___lomod     		CODE           	1FCA2	0000	208
		i2___fpclassifyf		CODE           	1F2EA	0000	254
		i2_I2C1_MasterGetCounter		CODE           	2F3A	0000	6
		i2_islower     		CODE           	2F92	0000	2
		i2_I2C1_DO_SEND_ADR_WRITE		CODE           	2C02	0000	22
		i2_I2C1_MasterSetCounter		CODE           	2E9E	0000	10
		i2_I2C1_ReadDataBlock		CODE           	0DCE	0000	134
		i2___flsub     		CODE           	1F46	0000	70
		i2_I2C1_MasterClearStopFlag		CODE           	2F64	0000	6
		i2_UART1_Write 		CODE           	2B50	0000	24
		i2_efgtoa      		CODE           	16500	0000	3108
		i2_I2C1_DO_SEND_STOP		CODE           	288C	0000	40
		i2_wr1RegCompleteHandler		CODE           	267E	0000	48
		i2_isupper     		CODE           	2F94	0000	2
		i2_I2C1_MasterIsTxBufEmpty		CODE           	2C18	0000	22
		i2_I2C1_MasterClearIrq		CODE           	2EE2	0000	8
		i2___aomod     		CODE           	1E40A	0000	356
		i2_I2C1_MasterSendNack		CODE           	2F46	0000	6
		i2_I2C1_DO_BUS_COLLISION		CODE           	11BC	0000	118
		i2_I2C1_DO_RX_NACK_RESTART		CODE           	2ECA	0000	8
		i2_I2C1_DO_BUS_ERROR		CODE           	2CF8	0000	16
		i2_fputc       		CODE           	1FA26	0000	216
		i2_fputs       		CODE           	2014	0000	68
		i2_strlen      		CODE           	1B12	0000	84
		i2_tolower     		CODE           	1F00	0000	70
		i2_I2C1_DO_SEND_RESTART_READ		CODE           	2DFA	0000	14
		i2_I2C1_SetDataCompleteCallback		CODE           	2A50	0000	28
		i2_I2C1_DO_SEND_RESTART_WRITE		CODE           	2F7E	0000	4
		i2_otoa        		CODE           	1D1D0	0000	496
		i2_I2C1_Open   		CODE           	07EC	0000	164
		i2_I2C1_DO_ADDRESS_NACK		CODE           	1466	0000	110
		i2_I2C1_CallbackReturnReset		CODE           	2F82	0000	4
		i2_rdBlkRegCompleteHandler		CODE           	1CFE	0000	80
		i2_I2C1_MasterSendAck		CODE           	2F4C	0000	6
		i2_I2C1_DO_RX  		CODE           	09D8	0000	158
		i2_I2C1_DO_TX  		CODE           	1E94A	0000	294
		i2_I2C1_Close  		CODE           	2792	0000	44
		i2_toupper     		CODE           	1FD0	0000	68
		i2_I2C1_SetAddressNackCallback		CODE           	2A34	0000	28
		i2_I2C1_MasterIsRxBufFull		CODE           	2C44	0000	22
		i2_rd1RegCompleteHandler@i2c1_master_example$F145		CODE           	25BE	0000	48
		i2_wr2RegCompleteHandler		CODE           	25EE	0000	48
		i2_isalpha     		CODE           	2F96	0000	2

shared estimated size: 33586

at_commander.c
		_createPubMQTTString		CODE           	1388	0000	112
		_ATCMD_ReadLine		CODE           	13F8	0000	110
		_ATCMD_Task    		CODE           	1C56A	0000	570
		_ATCMD_Print   		CODE           	1D5AE	0000	484
		_ATCMD_strcon  		CODE           	1F5CA	0000	232

at_commander.c estimated size: 1508

mcc_generated_files/mcc.c
		_PMD_Initialize		CODE           	28FE	0000	36
		_OSCILLATOR_Initialize		CODE           	2A18	0000	28
		_SYSTEM_Initialize		CODE           	28B4	0000	38

mcc_generated_files/mcc.c estimated size: 102

C:\Program Files\Microchip\xc8\v2.36\pic\sources\c99\common\abs.c
		_abs           		CODE           	2058	0000	66

C:\Program Files\Microchip\xc8\v2.36\pic\sources\c99\common\abs.c estimated size: 66

C:\Program Files\Microchip\xc8\v2.36\pic\sources\c99\common\nf_snprintf.c
		_snprintf      		CODE           	1EA70	0000	292

C:\Program Files\Microchip\xc8\v2.36\pic\sources\c99\common\nf_snprintf.c estimated size: 292

C:\Program Files\Microchip\xc8\v2.36\pic\sources\c99\common\flge.c
		___flge        		CODE           	1EFE0	0000	262

C:\Program Files\Microchip\xc8\v2.36\pic\sources\c99\common\flge.c estimated size: 262

mcc_generated_files/tmr1.c
		_TMR1_Initialize		CODE           	1A6A	0000	84
		_TMR1_SetInterruptHandler		CODE           	2DD0	0000	14
		_TMR1_DefaultInterruptHandler		CODE           	2F8E	0000	2
		_TMR1_CallBack 		CODE           	24FA	0000	50
		_TMR1_WriteTimer		CODE           	26DE	0000	46
		_TMR1_ISR      		CODE           	2C9C	0000	20

mcc_generated_files/tmr1.c estimated size: 216

mcc_generated_files/adcc.c
		_ADCC_GetSingleConversion		CODE           	252C	0000	50
		_ADCC_Initialize		CODE           	18AE	0000	92

mcc_generated_files/adcc.c estimated size: 142

main.c
		_main          		CODE           	1A16	0000	84

main.c estimated size: 84

C:\Program Files\Microchip\xc8\v2.36\pic\sources\c99\common\Umul16.c
		___wmul        		CODE           	273A	0000	44

C:\Program Files\Microchip\xc8\v2.36\pic\sources\c99\common\Umul16.c estimated size: 44

C:\Program Files\Microchip\xc8\v2.36\pic\sources\c99\common\flneg.c
		___flneg       		CODE           	23B6	0000	58

C:\Program Files\Microchip\xc8\v2.36\pic\sources\c99\common\flneg.c estimated size: 58

C:\Program Files\Microchip\xc8\v2.36\pic\sources\c99\common\isupper.c
		_isupper       		CODE           	237C	0000	58

C:\Program Files\Microchip\xc8\v2.36\pic\sources\c99\common\isupper.c estimated size: 58

