Microchip MPLAB XC8 Compiler V2.36

Linker command line:

-W-3 --edf=C:\Program Files\Microchip\xc8\v2.36\pic\dat\en_msgs.txt \
  -pivt0x8=08h -cn \
  -h+dist/default/production\weatherStationUart.X.production.sym \
  --cmf=dist/default/production\weatherStationUart.X.production.cmf -z \
  -Q18F57Q43 -oC:\Users\M67732\AppData\Local\Temp\xcAsgb4.4 \
  --defsym=__MPLAB_BUILD=1 \
  -Mdist/default/production/weatherStationUart.X.production.map \
  --md=C:\Users\M67732\AppData\Local\Temp\xcAsgb4.dat -E1 -ver=XC8 Compiler \
  --acfsm=1493 -ACODE=00h-01FFFFh -ACONST=00h-01FFFFh \
  -ASMALLCONST=02500h-025FFhx475 \
  -AMEDIUMCONST=02500h-0FFFFh,012500h-01FFFFh -ACOMRAM=0501h-055Fh \
  -AABS1=0500h-024FFh -ABIGRAM=0501h-024FFh \
  -ARAM=0560h-05FFh,0600h-06FFhx31 -ABANK5=0560h-05FFh -ABANK6=0600h-06FFh \
  -ABANK7=0700h-07FFh -ABANK8=0800h-08FFh -ABANK9=0900h-09FFh \
  -ABANK10=0A00h-0AFFh -ABANK11=0B00h-0BFFh -ABANK12=0C00h-0CFFh \
  -ABANK13=0D00h-0DFFh -ABANK14=0E00h-0EFFh -ABANK15=0F00h-0FFFh \
  -ABANK16=01000h-010FFh -ABANK17=01100h-011FFh -ABANK18=01200h-012FFh \
  -ABANK19=01300h-013FFh -ABANK20=01400h-014FFh -ABANK21=01500h-015FFh \
  -ABANK22=01600h-016FFh -ABANK23=01700h-017FFh -ABANK24=01800h-018FFh \
  -ABANK25=01900h-019FFh -ABANK26=01A00h-01AFFh -ABANK27=01B00h-01BFFh \
  -ABANK28=01C00h-01CFFh -ABANK29=01D00h-01DFFh -ABANK30=01E00h-01EFFh \
  -ABANK31=01F00h-01FFFh -ABANK32=02000h-020FFh -ABANK33=02100h-021FFh \
  -ABANK34=02200h-022FFh -ABANK35=02300h-023FFh -ABANK36=02400h-024FFh \
  -ASFR=00h-0FFhx4,0400h-045Fh,0460h-04FFh,02500h-025FFh \
  -ABIGSFR=00h-04FFh,02500h-025FFh -ACONFIG=0300000h-0300011h \
  -AIDLOC=0200000h-020003Fh -AEEDATA=0380000h-03803FFh -peeprom_data=EEDATA \
  -preset_vec=00h -ppowerup=CODE,init -pramtop=02500h \
  -psmallconst=SMALLCONST -pmediumconst=MEDIUMCONST -pconst=CONST \
  -AFARRAM=00h-00h \
  -prdata=COMRAM,nvrram=COMRAM,nvbit=COMRAM,rbss=COMRAM,rbit=COMRAM \
  -pfarbss=FARRAM,fardata=FARRAM,nvFARRAM=FARRAM \
  -pintsave_regs=BIGRAM,bigbss=BIGRAM,bigdata=BIGRAM -pbss=RAM \
  -pidata=CODE,irdata=CODE,ibigdata=CODE,ifardata=CODE -prparam=COMRAM \
  C:\Users\M67732\AppData\Local\Temp\xcAsgb4.o \
  dist/default/production\weatherStationUart.X.production.o 

Object code version is 3.11

Machine type is 18F57Q43



                Name                               Link     Load   Length Selector   Space Scale
C:\Users\M67732\AppData\Local\Temp\xcAsgb4.o
                idloc                            200000   200000       40        0       5
                config                           300000   300000        A        0       4
                init                                 1A       1A        4        4       0
                reset_vec                             0        0        4        0       0
dist/default/production\weatherStationUart.X.production.o
                idloc                            200000   200000       40        0       5
                config                           300000   300000        A        0       4
                mediumconst                        FDB6     FDB6      24A     7EDB       0
                ivt0x8                                8        8       12        4       0
                text298                            1504     1504       6A        4       0
                text297                           1A3AC    1A3AC      456     8000       0
                text296                           1D7A8    1D7A8      1B4     8000       0
                text295                           1B43C    1B43C      39C     8000       0
                text294                            16FE     16FE       60        4       0
                text293                             934      934       A4        4       0
                text292                           19328    19328      702     8000       0
                text291                           1AC52    1AC52      44E     8000       0
                text290                             B12      B12       94        4       0
                text289                           1C2F8    1C2F8      272     8000       0
                text288                            169E     169E       60        4       0
                text287                             1AA      1AA       C4        4       0
                text286                             53A      53A       B0        4       0
                text285                             742      742       AA        4       0
                text284                           1F0FC    1F0FC      104     8000       0
                text283                            2442     2442       38        4       0
                text282                           19EEC    19EEC      4C0     8000       0
                text281                            1F60     1F60       46        4       0
                text280                           1EEEE    1EEEE      108     8000       0
                text279                           1F300    1F300       FE     8000       0
                text278                           1C9D6    1C9D6      216     8000       0
                text277                            303E     303E        2     17D0       0
                text276                            303C     303C        2     17D0       0
                text275                            2BEA     2BEA       18        4       0
                text274                            2F56     2F56        A        4       0
                text273                           1FB18    1FB18       D8     8000       0
                text272                            202E     202E       44        4       0
                text271                            1AE6     1AE6       54        4       0
                text270                              E4       E4       C6        4       0
                text269                            15D6     15D6       66        4       0
                text268                            303A     303A        2     17D0       0
                text267                            1FEA     1FEA       44        4       0
                text266                           17D3E    17D3E      AFA     8000       0
                text265                            2892     2892       2A        4       0
                text264                            3038     3038        2     17D0       0
                text263                            1FA6     1FA6       44        4       0
                text262                           1E13C    1E13C      17E     8000       0
                text261                           1FA40    1FA40       D8     8000       0
                text260                           1DE32    1DE32      188     8000       0
                text259                           1E420    1E420      164     8000       0
                text258                            20B4     20B4       40        4       0
                text257                           1BABE    1BABE      2E6     8000       0
                text256                            1F1A     1F1A       46        4       0
                text255                           16500    16500      C24     8000       0
                text254                           1D1EC    1D1EC      1F0     8000       0
                text253                           1DB06    1DB06      1A2     8000       0
                text252                           1E81A    1E81A      146     8000       0
                text251                           1F4F0    1F4F0       F0     8000       0
                text250                           1FCC2    1FCC2       D0     8000       0
                text249                           1CDF2    1CDF2      204     8000       0
                text248                           1C04E    1C04E      2AA     8000       0
                text247                           13286    13286     327A     8000       0
                text246                            13BA     13BA       72        4       0
                text245                            290C     290C       28        4       0
                text244                            257C     257C       32        4       0
                text243                            2DB2     2DB2       10        4       0
                text242                            2DA2     2DA2       10        4       0
                text241                            2F90     2F90        8        4       0
                text240                            2ED2     2ED2        C        4       0
                text239                            2AEC     2AEC       1C        4       0
                text238                            2812     2812       2C        4       0
                text237                            3018     3018        6     17D0       0
                text236                            3012     3012        6     17D0       0
                text235                            300C     300C        6     17D0       0
                text234                            2D20     2D20       16        4       0
                text233                            2D0A     2D0A       16        4       0
                text232                            2CF4     2CF4       16        4       0
                text231                            1C30     1C30       52        4       0
                text230                            29A2     29A2       24        4       0
                text229                             CC8      CC8       8E        4       0
                text228                            2AD0     2AD0       1C        4       0
                text227                            272E     272E       30        4       0
                text226                            26FE     26FE       30        4       0
                text225                            26CE     26CE       30        4       0
                text224                            269E     269E       30        4       0
                text223                            266E     266E       30        4       0
                text222                            1CD2     1CD2       50        4       0
                text221                            263E     263E       30        4       0
                text220                            260E     260E       30        4       0
                text219                            25DE     25DE       30        4       0
                text218                            1C82     1C82       50        4       0
                text217                            302E     302E        4     17D0       0
                text216                            302A     302A        4     17D0       0
                text215                            2F4C     2F4C        A        4       0
                text214                            3006     3006        6     17D0       0
                text213                            3000     3000        6     17D0       0
                text212                            2F42     2F42        A        4       0
                text211                            2F38     2F38        A        4       0
                text210                            2FFA     2FFA        6     17D0       0
                text209                            2CDE     2CDE       16        4       0
                text208                            2FF4     2FF4        6     17D0       0
                text207                            2FEE     2FEE        6     17D0       0
                text206                            2FE8     2FE8        6     17D0       0
                text205                            2FE2     2FE2        6     17D0       0
                text204                            2CC8     2CC8       16        4       0
                text203                            2CB2     2CB2       16        4       0
                text202                            2F88     2F88        8        4       0
                text201                            2EC6     2EC6        C        4       0
                text200                            278C     278C       2E        4       0
                text199                            2C9C     2C9C       16        4       0
                text198                           1E960    1E960      126     8000       0
                text197                             9D8      9D8       9E        4       0
                text196                            1076     1076       7E        4       0
                text195                             890      890       A4        4       0
                text194                            2E94     2E94        E        4       0
                text193                            3026     3026        4     17D0       0
                text192                            3022     3022        4     17D0       0
                text191                            28E4     28E4       28        4       0
                text190                            2F80     2F80        8        4       0
                text189                            2E86     2E86        E        4       0
                text188                            2F78     2F78        8        4       0
                text187                            2D92     2D92       10        4       0
                text186                            142C     142C       6E        4       0
                text185                            1260     1260       76        4       0
                text184                           1FFF0    1FFF0       10     8000       0
                text183                            1348     1348       72        4       0
                text182                            198C     198C       5A        4       0
                text181                            2A26     2A26       1E        4       0
                text180                            1BDE     1BDE       52        4       0
                text179                            2F70     2F70        8        4       0
                text178                            2868     2868       2A        4       0
                text177                             7EC      7EC       A4        4       0
                text176                            2AB4     2AB4       1C        4       0
                text175                             E6A      E6A       86        4       0
                text174                           1EBAA    1EBAA      120     8000       0
                text173                            11EA     11EA       76        4       0
                text172                            2B70     2B70       1A        4       0
                text171                            2F2E     2F2E        A        4       0
                text170                           1F88A    1F88A       DC     8000       0
                text169                            24B0     24B0       36        4       0
                text168                            3036     3036        2     17D0       0
                text167                            254A     254A       32        4       0
                text166                            275E     275E       2E        4       0
                text165                            2D36     2D36       14        4       0
                text164                            27E6     27E6       2C        4       0
                text163                            2FDC     2FDC        6     17D0       0
                text162                            3034     3034        2     17D0       0
                text161                            3032     3032        2     17D0       0
                text160                           1FD92    1FD92       CE     8000       0
                text159                            1ED4     1ED4       46        4       0
                text158                           1F6C8    1F6C8       E6     8000       0
                text157                            1B8C     1B8C       52        4       0
                text156                            1878     1878       5E        4       0
                text155                            2BD2     2BD2       18        4       0
                text154                            2BBA     2BBA       18        4       0
                text153                              1E       1E       C6        4       0
                text152                             3D8      3D8       B2        4       0
                text151                           1B0A0    1B0A0      39C     8000       0
                text150                             696      696       AC        4       0
                text149                           1EFF6    1EFF6      106     8000       0
                text148                           1A802    1A802      450     8000       0
                text147                            23D0     23D0       3A        4       0
                text146                           19A2A    19A2A      4C2     8000       0
                text145                            1E46     1E46       48        4       0
                text144                           1EDE6    1EDE6      108     8000       0
                text143                           1F200    1F200      100     8000       0
                text142                           1C7C0    1C7C0      216     8000       0
                text141                            22E4     22E4       3E        4       0
                text140                            2396     2396       3A        4       0
                text139                            2B56     2B56       1A        4       0
                text138                            2E78     2E78        E        4       0
                text137                           1F966    1F966       DA     8000       0
                text136                            1DFE     1DFE       48        4       0
                text135                            19E6     19E6       58        4       0
                text134                           1FE60    1FE60       CA     8000       0
                text133                            156E     156E       68        4       0
                text132                            235C     235C       3A        4       0
                text131                            1E8E     1E8E       46        4       0
                text130                           18838    18838      AF0     8000       0
                text129                            27BA     27BA       2C        4       0
                text128                            2322     2322       3A        4       0
                text127                            1A92     1A92       54        4       0
                text126                           1DFBA    1DFBA      182     8000       0
                text125                           1F7AE    1F7AE       DC     8000       0
                text124                           1DCA8    1DCA8      18A     8000       0
                text123                           1E2BA    1E2BA      166     8000       0
                text122                            2072     2072       42        4       0
                text121                           1B7D8    1B7D8      2E6     8000       0
                text120                            1DB6     1DB6       48        4       0
                text119                           17124    17124      C1A     8000       0
                text118                           1D3DC    1D3DC      1EE     8000       0
                text117                           1D95C    1D95C      1AA     8000       0
                text116                           1E584    1E584      14E     8000       0
                text115                           1F3FE    1F3FE       F2     8000       0
                text114                           1FBF0    1FBF0       D2     8000       0
                text113                           1CBEC    1CBEC      206     8000       0
                text112                           1BDA4    1BDA4      2AA     8000       0
                text111                           10000    10000     3286     8000       0
                text110                            149A     149A       6A        4       0
                text109                           1ECCA    1ECCA      11C     8000       0
                text108                           1D5CA    1D5CA      1DE     8000       0
                text107                            163C     163C       62        4       0
                text106                           1F5E0    1F5E0       E8     8000       0
                text105                            2F24     2F24        A        4       0
                text104                            2F1A     2F1A        A        4       0
                text103                            2F10     2F10        A        4       0
                text102                            2F06     2F06        A        4       0
                text101                            2EFC     2EFC        A        4       0
                text100                           1EA86    1EA86      124     8000       0
                text99                              EF0      EF0       84        4       0
                text98                             2B3C     2B3C       1A        4       0
                text97                             2EF2     2EF2        A        4       0
                text96                            1C56A    1C56A      256     8000       0
                text95                             18D6     18D6       5C        4       0
                text94                             29C6     29C6       22        4       0
                text93                             301E     301E        4     17D0       0
                text92                             2A98     2A98       1C        4       0
                text91                            1FF2A    1FF2A       C6     8000       0
                text90                             297E     297E       24        4       0
                text89                             2E6A     2E6A        E        4       0
                text88                             1D22     1D22       4C        4       0
                text87                             2E5C     2E5C        E        4       0
                text86                             2E4E     2E4E        E        4       0
                text85                             2E40     2E40        E        4       0
                text84                             10F4     10F4       7C        4       0
                text83                             2E32     2E32        E        4       0
                text82                             2E24     2E24        E        4       0
                text81                             2E16     2E16        E        4       0
                text80                             2E08     2E08        E        4       0
                text79                             2DFA     2DFA        E        4       0
                text78                              326      326       B2        4       0
                text77                             2934     2934       26        4       0
                text76                             28BC     28BC       28        4       0
                text75                             2EE8     2EE8        A        4       0
                text74                             247A     247A       36        4       0
                text73                             2F68     2F68        8        4       0
                text72                             2EBA     2EBA        C        4       0
                text71                             2A7C     2A7C       1C        4       0
                text70                             25AE     25AE       30        4       0
                text69                             2FD6     2FD6        6     17D0       0
                text68                             2FD0     2FD0        6     17D0       0
                text67                             2FCA     2FCA        6     17D0       0
                text66                             2C86     2C86       16        4       0
                text65                             2C70     2C70       16        4       0
                text64                             2C5A     2C5A       16        4       0
                text63                             1B3A     1B3A       52        4       0
                text62                             295A     295A       24        4       0
                text61                              BA6      BA6       92        4       0
                text60                             2A60     2A60       1C        4       0
                text59                             22A6     22A6       3E        4       0
                text58                             2268     2268       3E        4       0
                text57                             222A     222A       3E        4       0
                text56                             21EC     21EC       3E        4       0
                text55                             21AE     21AE       3E        4       0
                text54                             181A     181A       5E        4       0
                text53                             2170     2170       3E        4       0
                text52                             2132     2132       3E        4       0
                text51                             20F4     20F4       3E        4       0
                text50                             17BC     17BC       5E        4       0
                text49                             2DEC     2DEC        E        4       0
                text48                             2DDE     2DDE        E        4       0
                text47                             2EDE     2EDE        A        4       0
                text46                             2FC4     2FC4        6     17D0       0
                text45                             2FBE     2FBE        6     17D0       0
                text44                             2EAE     2EAE        C        4       0
                text43                             2EA2     2EA2        C        4       0
                text42                             2FB8     2FB8        6     17D0       0
                text41                             2C44     2C44       16        4       0
                text40                             2FB2     2FB2        6     17D0       0
                text39                             2FAC     2FAC        6     17D0       0
                text38                             2FA6     2FA6        6     17D0       0
                text37                             2FA0     2FA0        6     17D0       0
                text36                             2C2E     2C2E       16        4       0
                text35                             2C18     2C18       16        4       0
                text34                             2D80     2D80       12        4       0
                text33                             2C02     2C02       16        4       0
                text32                             240A     240A       38        4       0
                text31                             29E8     29E8       20        4       0
                text30                            1E6D2    1E6D2      148     8000       0
                text29                              26E      26E       B8        4       0
                text28                              DE0      DE0       8A        4       0
                text27                              48A      48A       B0        4       0
                text26                             2BA2     2BA2       18        4       0
                text25                             2DD0     2DD0        E        4       0
                text24                             2DC2     2DC2        E        4       0
                text23                             2518     2518       32        4       0
                text22                             2D6E     2D6E       12        4       0
                text21                             2B8A     2B8A       18        4       0
                text20                             2D5C     2D5C       12        4       0
                text19                             2B22     2B22       1A        4       0
                text18                             1170     1170       7A        4       0
                text17                              F74      F74       82        4       0
                text16                             2B08     2B08       1A        4       0
                text15                             12D6     12D6       72        4       0
                text14                             1932     1932       5A        4       0
                text13                             2A08     2A08       1E        4       0
                text12                             175E     175E       5E        4       0
                text11                             2F60     2F60        8        4       0
                text10                             283E     283E       2A        4       0
                text9                               5EA      5EA       AC        4       0
                text8                              2A44     2A44       1C        4       0
                text7                               FF6      FF6       80        4       0
                text6                              24E6     24E6       32        4       0
                text5                               D56      D56       8A        4       0
                text4                               C38      C38       90        4       0
                text3                             1CFF6    1CFF6      1F6     8000       0
                text2                              2D4A     2D4A       12        4       0
                text1                              1D6E     1D6E       48        4       0
                text0                              1A3E     1A3E       54        4       0
                cstackCOMRAM                        501      501       5F      501       1
                cstackBANK5                         560      560       9D      560       1
                cstackBANK6                         600      600       D9      600       1
                cstackBANK7                         7EA      7EA        A      700       1
                bssBANK11                           B00      B00      100      B00       1
                bssBANK10                           A00      A00      100      A00       1
                bssBANK9                            900      900      100      900       1
                bssBANK8                            800      800       78      800       1
                dataBANK7                           7F4      7F4        7      700       1
                bssBANK7                            700      700       CF      700       1
                bssBANK6                            6D9      6D9       1E      600       1
                bssBANK5                            5FD      5FD        3      560       1
                cinit                               A76      A76       9C        4       0
                nvBANK7                             7CF      7CF       1B      700       1
                nvBANK6                             6F7      6F7        3      600       1
                idataBANK7                         2F98     2F98        7        4       0

TOTAL           Name                               Link     Load   Length     Space
        CLASS   CODE           
                init                                 1A       1A        4         0
                reset_vec                             0        0        4         0
                ivt0x8                                8        8       12         0
                text298                            1504     1504       6A         0
                text297                           1A3AC    1A3AC      456         0
                text296                           1D7A8    1D7A8      1B4         0
                text295                           1B43C    1B43C      39C         0
                text294                            16FE     16FE       60         0
                text293                             934      934       A4         0
                text292                           19328    19328      702         0
                text291                           1AC52    1AC52      44E         0
                text290                             B12      B12       94         0
                text289                           1C2F8    1C2F8      272         0
                text288                            169E     169E       60         0
                text287                             1AA      1AA       C4         0
                text286                             53A      53A       B0         0
                text285                             742      742       AA         0
                text284                           1F0FC    1F0FC      104         0
                text283                            2442     2442       38         0
                text282                           19EEC    19EEC      4C0         0
                text281                            1F60     1F60       46         0
                text280                           1EEEE    1EEEE      108         0
                text279                           1F300    1F300       FE         0
                text278                           1C9D6    1C9D6      216         0
                text277                            303E     303E        2         0
                text276                            303C     303C        2         0
                text275                            2BEA     2BEA       18         0
                text274                            2F56     2F56        A         0
                text273                           1FB18    1FB18       D8         0
                text272                            202E     202E       44         0
                text271                            1AE6     1AE6       54         0
                text270                              E4       E4       C6         0
                text269                            15D6     15D6       66         0
                text268                            303A     303A        2         0
                text267                            1FEA     1FEA       44         0
                text266                           17D3E    17D3E      AFA         0
                text265                            2892     2892       2A         0
                text264                            3038     3038        2         0
                text263                            1FA6     1FA6       44         0
                text262                           1E13C    1E13C      17E         0
                text261                           1FA40    1FA40       D8         0
                text260                           1DE32    1DE32      188         0
                text259                           1E420    1E420      164         0
                text258                            20B4     20B4       40         0
                text257                           1BABE    1BABE      2E6         0
                text256                            1F1A     1F1A       46         0
                text255                           16500    16500      C24         0
                text254                           1D1EC    1D1EC      1F0         0
                text253                           1DB06    1DB06      1A2         0
                text252                           1E81A    1E81A      146         0
                text251                           1F4F0    1F4F0       F0         0
                text250                           1FCC2    1FCC2       D0         0
                text249                           1CDF2    1CDF2      204         0
                text248                           1C04E    1C04E      2AA         0
                text247                           13286    13286     327A         0
                text246                            13BA     13BA       72         0
                text245                            290C     290C       28         0
                text244                            257C     257C       32         0
                text243                            2DB2     2DB2       10         0
                text242                            2DA2     2DA2       10         0
                text241                            2F90     2F90        8         0
                text240                            2ED2     2ED2        C         0
                text239                            2AEC     2AEC       1C         0
                text238                            2812     2812       2C         0
                text237                            3018     3018        6         0
                text236                            3012     3012        6         0
                text235                            300C     300C        6         0
                text234                            2D20     2D20       16         0
                text233                            2D0A     2D0A       16         0
                text232                            2CF4     2CF4       16         0
                text231                            1C30     1C30       52         0
                text230                            29A2     29A2       24         0
                text229                             CC8      CC8       8E         0
                text228                            2AD0     2AD0       1C         0
                text227                            272E     272E       30         0
                text226                            26FE     26FE       30         0
                text225                            26CE     26CE       30         0
                text224                            269E     269E       30         0
                text223                            266E     266E       30         0
                text222                            1CD2     1CD2       50         0
                text221                            263E     263E       30         0
                text220                            260E     260E       30         0
                text219                            25DE     25DE       30         0
                text218                            1C82     1C82       50         0
                text217                            302E     302E        4         0
                text216                            302A     302A        4         0
                text215                            2F4C     2F4C        A         0
                text214                            3006     3006        6         0
                text213                            3000     3000        6         0
                text212                            2F42     2F42        A         0
                text211                            2F38     2F38        A         0
                text210                            2FFA     2FFA        6         0
                text209                            2CDE     2CDE       16         0
                text208                            2FF4     2FF4        6         0
                text207                            2FEE     2FEE        6         0
                text206                            2FE8     2FE8        6         0
                text205                            2FE2     2FE2        6         0
                text204                            2CC8     2CC8       16         0
                text203                            2CB2     2CB2       16         0
                text202                            2F88     2F88        8         0
                text201                            2EC6     2EC6        C         0
                text200                            278C     278C       2E         0
                text199                            2C9C     2C9C       16         0
                text198                           1E960    1E960      126         0
                text197                             9D8      9D8       9E         0
                text196                            1076     1076       7E         0
                text195                             890      890       A4         0
                text194                            2E94     2E94        E         0
                text193                            3026     3026        4         0
                text192                            3022     3022        4         0
                text191                            28E4     28E4       28         0
                text190                            2F80     2F80        8         0
                text189                            2E86     2E86        E         0
                text188                            2F78     2F78        8         0
                text187                            2D92     2D92       10         0
                text186                            142C     142C       6E         0
                text185                            1260     1260       76         0
                text184                           1FFF0    1FFF0       10         0
                text183                            1348     1348       72         0
                text182                            198C     198C       5A         0
                text181                            2A26     2A26       1E         0
                text180                            1BDE     1BDE       52         0
                text179                            2F70     2F70        8         0
                text178                            2868     2868       2A         0
                text177                             7EC      7EC       A4         0
                text176                            2AB4     2AB4       1C         0
                text175                             E6A      E6A       86         0
                text174                           1EBAA    1EBAA      120         0
                text173                            11EA     11EA       76         0
                text172                            2B70     2B70       1A         0
                text171                            2F2E     2F2E        A         0
                text170                           1F88A    1F88A       DC         0
                text169                            24B0     24B0       36         0
                text168                            3036     3036        2         0
                text167                            254A     254A       32         0
                text166                            275E     275E       2E         0
                text165                            2D36     2D36       14         0
                text164                            27E6     27E6       2C         0
                text163                            2FDC     2FDC        6         0
                text162                            3034     3034        2         0
                text161                            3032     3032        2         0
                text160                           1FD92    1FD92       CE         0
                text159                            1ED4     1ED4       46         0
                text158                           1F6C8    1F6C8       E6         0
                text157                            1B8C     1B8C       52         0
                text156                            1878     1878       5E         0
                text155                            2BD2     2BD2       18         0
                text154                            2BBA     2BBA       18         0
                text153                              1E       1E       C6         0
                text152                             3D8      3D8       B2         0
                text151                           1B0A0    1B0A0      39C         0
                text150                             696      696       AC         0
                text149                           1EFF6    1EFF6      106         0
                text148                           1A802    1A802      450         0
                text147                            23D0     23D0       3A         0
                text146                           19A2A    19A2A      4C2         0
                text145                            1E46     1E46       48         0
                text144                           1EDE6    1EDE6      108         0
                text143                           1F200    1F200      100         0
                text142                           1C7C0    1C7C0      216         0
                text141                            22E4     22E4       3E         0
                text140                            2396     2396       3A         0
                text139                            2B56     2B56       1A         0
                text138                            2E78     2E78        E         0
                text137                           1F966    1F966       DA         0
                text136                            1DFE     1DFE       48         0
                text135                            19E6     19E6       58         0
                text134                           1FE60    1FE60       CA         0
                text133                            156E     156E       68         0
                text132                            235C     235C       3A         0
                text131                            1E8E     1E8E       46         0
                text130                           18838    18838      AF0         0
                text129                            27BA     27BA       2C         0
                text128                            2322     2322       3A         0
                text127                            1A92     1A92       54         0
                text126                           1DFBA    1DFBA      182         0
                text125                           1F7AE    1F7AE       DC         0
                text124                           1DCA8    1DCA8      18A         0
                text123                           1E2BA    1E2BA      166         0
                text122                            2072     2072       42         0
                text121                           1B7D8    1B7D8      2E6         0
                text120                            1DB6     1DB6       48         0
                text119                           17124    17124      C1A         0
                text118                           1D3DC    1D3DC      1EE         0
                text117                           1D95C    1D95C      1AA         0
                text116                           1E584    1E584      14E         0
                text115                           1F3FE    1F3FE       F2         0
                text114                           1FBF0    1FBF0       D2         0
                text113                           1CBEC    1CBEC      206         0
                text112                           1BDA4    1BDA4      2AA         0
                text111                           10000    10000     3286         0
                text110                            149A     149A       6A         0
                text109                           1ECCA    1ECCA      11C         0
                text108                           1D5CA    1D5CA      1DE         0
                text107                            163C     163C       62         0
                text106                           1F5E0    1F5E0       E8         0
                text105                            2F24     2F24        A         0
                text104                            2F1A     2F1A        A         0
                text103                            2F10     2F10        A         0
                text102                            2F06     2F06        A         0
                text101                            2EFC     2EFC        A         0
                text100                           1EA86    1EA86      124         0
                text99                              EF0      EF0       84         0
                text98                             2B3C     2B3C       1A         0
                text97                             2EF2     2EF2        A         0
                text96                            1C56A    1C56A      256         0
                text95                             18D6     18D6       5C         0
                text94                             29C6     29C6       22         0
                text93                             301E     301E        4         0
                text92                             2A98     2A98       1C         0
                text91                            1FF2A    1FF2A       C6         0
                text90                             297E     297E       24         0
                text89                             2E6A     2E6A        E         0
                text88                             1D22     1D22       4C         0
                text87                             2E5C     2E5C        E         0
                text86                             2E4E     2E4E        E         0
                text85                             2E40     2E40        E         0
                text84                             10F4     10F4       7C         0
                text83                             2E32     2E32        E         0
                text82                             2E24     2E24        E         0
                text81                             2E16     2E16        E         0
                text80                             2E08     2E08        E         0
                text79                             2DFA     2DFA        E         0
                text78                              326      326       B2         0
                text77                             2934     2934       26         0
                text76                             28BC     28BC       28         0
                text75                             2EE8     2EE8        A         0
                text74                             247A     247A       36         0
                text73                             2F68     2F68        8         0
                text72                             2EBA     2EBA        C         0
                text71                             2A7C     2A7C       1C         0
                text70                             25AE     25AE       30         0
                text69                             2FD6     2FD6        6         0
                text68                             2FD0     2FD0        6         0
                text67                             2FCA     2FCA        6         0
                text66                             2C86     2C86       16         0
                text65                             2C70     2C70       16         0
                text64                             2C5A     2C5A       16         0
                text63                             1B3A     1B3A       52         0
                text62                             295A     295A       24         0
                text61                              BA6      BA6       92         0
                text60                             2A60     2A60       1C         0
                text59                             22A6     22A6       3E         0
                text58                             2268     2268       3E         0
                text57                             222A     222A       3E         0
                text56                             21EC     21EC       3E         0
                text55                             21AE     21AE       3E         0
                text54                             181A     181A       5E         0
                text53                             2170     2170       3E         0
                text52                             2132     2132       3E         0
                text51                             20F4     20F4       3E         0
                text50                             17BC     17BC       5E         0
                text49                             2DEC     2DEC        E         0
                text48                             2DDE     2DDE        E         0
                text47                             2EDE     2EDE        A         0
                text46                             2FC4     2FC4        6         0
                text45                             2FBE     2FBE        6         0
                text44                             2EAE     2EAE        C         0
                text43                             2EA2     2EA2        C         0
                text42                             2FB8     2FB8        6         0
                text41                             2C44     2C44       16         0
                text40                             2FB2     2FB2        6         0
                text39                             2FAC     2FAC        6         0
                text38                             2FA6     2FA6        6         0
                text37                             2FA0     2FA0        6         0
                text36                             2C2E     2C2E       16         0
                text35                             2C18     2C18       16         0
                text34                             2D80     2D80       12         0
                text33                             2C02     2C02       16         0
                text32                             240A     240A       38         0
                text31                             29E8     29E8       20         0
                text30                            1E6D2    1E6D2      148         0
                text29                              26E      26E       B8         0
                text28                              DE0      DE0       8A         0
                text27                              48A      48A       B0         0
                text26                             2BA2     2BA2       18         0
                text25                             2DD0     2DD0        E         0
                text24                             2DC2     2DC2        E         0
                text23                             2518     2518       32         0
                text22                             2D6E     2D6E       12         0
                text21                             2B8A     2B8A       18         0
                text20                             2D5C     2D5C       12         0
                text19                             2B22     2B22       1A         0
                text18                             1170     1170       7A         0
                text17                              F74      F74       82         0
                text16                             2B08     2B08       1A         0
                text15                             12D6     12D6       72         0
                text14                             1932     1932       5A         0
                text13                             2A08     2A08       1E         0
                text12                             175E     175E       5E         0
                text11                             2F60     2F60        8         0
                text10                             283E     283E       2A         0
                text9                               5EA      5EA       AC         0
                text8                              2A44     2A44       1C         0
                text7                               FF6      FF6       80         0
                text6                              24E6     24E6       32         0
                text5                               D56      D56       8A         0
                text4                               C38      C38       90         0
                text3                             1CFF6    1CFF6      1F6         0
                text2                              2D4A     2D4A       12         0
                text1                              1D6E     1D6E       48         0
                text0                              1A3E     1A3E       54         0
                cinit                               A76      A76       9C         0
                idataBANK7                         2F98     2F98        7         0

        CLASS   CONST          

        CLASS   SMALLCONST     

        CLASS   MEDIUMCONST    
                mediumconst                        FDB6     FDB6      24A         0

        CLASS   COMRAM         
                cstackCOMRAM                        501      501       5F         1

        CLASS   ABS1           

        CLASS   BIGRAM         

        CLASS   RAM            

        CLASS   BANK5          
                cstackBANK5                         560      560       9D         1
                bssBANK5                            5FD      5FD        3         1

        CLASS   BANK6          
                cstackBANK6                         600      600       D9         1
                bssBANK6                            6D9      6D9       1E         1
                nvBANK6                             6F7      6F7        3         1

        CLASS   BANK7          
                cstackBANK7                         7EA      7EA        A         1
                dataBANK7                           7F4      7F4        7         1
                bssBANK7                            700      700       CF         1
                nvBANK7                             7CF      7CF       1B         1

        CLASS   BANK8          
                bssBANK8                            800      800       78         1

        CLASS   BANK9          
                bssBANK9                            900      900      100         1

        CLASS   BANK10         
                bssBANK10                           A00      A00      100         1

        CLASS   BANK11         
                bssBANK11                           B00      B00      100         1

        CLASS   BANK12         

        CLASS   BANK13         

        CLASS   BANK14         

        CLASS   BANK15         

        CLASS   BANK16         

        CLASS   BANK17         

        CLASS   BANK18         

        CLASS   BANK19         

        CLASS   BANK20         

        CLASS   BANK21         

        CLASS   BANK22         

        CLASS   BANK23         

        CLASS   BANK24         

        CLASS   BANK25         

        CLASS   BANK26         

        CLASS   BANK27         

        CLASS   BANK28         

        CLASS   BANK29         

        CLASS   BANK30         

        CLASS   BANK31         

        CLASS   BANK32         

        CLASS   BANK33         

        CLASS   BANK34         

        CLASS   BANK35         

        CLASS   BANK36         

        CLASS   SFR            

        CLASS   BIGSFR         

        CLASS   CONFIG         
                config                           300000   300000        A         4

        CLASS   IDLOC          
                idloc                            200000   200000       40         5

        CLASS   EEDATA         

        CLASS   FARRAM         

        CLASS   HEAP           

        CLASS   STACK          



SEGMENTS        Name                           Load    Length   Top    Selector   Space  Class

                reset_vec                      000000  000004  000004         0       0  CODE    
                ivt0x8                         000008  002F97  002F9F         4       0  CODE    
                cstackCOMRAM                   000501  00005F  000560       501       1  COMRAM  
                cstackBANK5                    000560  0000A0  000600       560       1  BANK5   
                cstackBANK6                    000600  0000FA  0006FA       600       1  BANK6   
                bssBANK7                       000700  0000FB  0007FB       700       1  BANK7   
                bssBANK8                       000800  000078  000878       800       1  BANK8   
                bssBANK9                       000900  000100  000A00       900       1  BANK9   
                bssBANK10                      000A00  000100  000B00       A00       1  BANK10  
                bssBANK11                      000B00  000100  000C00       B00       1  BANK11  
                text37                         002FA0  0000A0  003040      17D0       0  CODE    
                mediumconst                    00FDB6  00024A  010000      7EDB       0  MEDIUMCO
                text111                        010000  010000  020000      8000       0  CODE    


UNUSED ADDRESS RANGES

        Name                Unused          Largest block    Delta
        BANK12           000C00-000CFF              100
        BANK13           000D00-000DFF              100
        BANK14           000E00-000EFF              100
        BANK15           000F00-000FFF              100
        BANK16           001000-0010FF              100
        BANK17           001100-0011FF              100
        BANK18           001200-0012FF              100
        BANK19           001300-0013FF              100
        BANK20           001400-0014FF              100
        BANK21           001500-0015FF              100
        BANK22           001600-0016FF              100
        BANK23           001700-0017FF              100
        BANK24           001800-0018FF              100
        BANK25           001900-0019FF              100
        BANK26           001A00-001AFF              100
        BANK27           001B00-001BFF              100
        BANK28           001C00-001CFF              100
        BANK29           001D00-001DFF              100
        BANK30           001E00-001EFF              100
        BANK31           001F00-001FFF              100
        BANK32           002000-0020FF              100
        BANK33           002100-0021FF              100
        BANK34           002200-0022FF              100
        BANK35           002300-0023FF              100
        BANK36           002400-0024FF              100
        BANK6            0006FA-0006FF                6
        BANK7            0007FB-0007FF                5
        BANK8            000878-0008FF               88
        BIGRAM           0006FA-0006FF                6
                         0007FB-0007FF                5
                         000878-0008FF               88
                         000C00-0024FF             1900
        BIGSFR           000000-0004FF              500
                         002500-0025FF              100
        CODE             000004-000007                4
                         002F9F-002F9F                1
                         003040-00FDB5             CD76
        CONFIG           30000A-300011                8
        CONST            000004-000007                4
                         002F9F-002F9F                1
                         003040-00FDB5             CD76
        EEDATA           380000-3803FF              400
        MEDIUMCONST      002F9F-002F9F                1
                         003040-00FDB5             CD76
        RAM              0006FA-0006FF                6
                         0007FB-0007FF                5
                         000878-0008FF               88
                         000C00-0024FF              100
        SFR              000000-0004FF              100
                         002500-0025FF              100
        SMALLCONST       002F9F-002F9F                1
                         003040-00FDB5              100

                                  Symbol Table

?_ADCC_GetSingleConversion                                  cstackCOMRAM 000501
?_ATCMD_Print                                               cstackBANK6  0006C9
?_ATCMD_strcon                                              cstackBANK6  000606
?_BME280_compensateHumidity                                 cstackCOMRAM 00050D
?_BME280_compensatePressure                                 cstackCOMRAM 00050E
?_BME280_compensateTemperature                              cstackCOMRAM 00050D
?_BME280_getHumidity                                        cstackCOMRAM 00055C
?_BME280_getPressure                                        cstackCOMRAM 00055C
?_BME280_getTemperature                                     cstackCOMRAM 00055C
?___aodiv                                                   cstackBANK6  000606
?___aomod                                                   cstackBANK6  000606
?___awdiv                                                   cstackBANK6  000606
?___awmod                                                   cstackBANK6  000606
?___fladd                                                   cstackBANK6  000606
?___fldiv                                                   cstackBANK6  000606
?___flmul                                                   cstackBANK6  000606
?___flneg                                                   cstackBANK6  000606
?___flsub                                                   cstackBANK6  00061F
?___fltol                                                   cstackBANK6  000606
?___fpclassifyf                                             cstackBANK6  000606
?___lldiv                                                   cstackCOMRAM 000501
?___lmul                                                    cstackCOMRAM 000501
?___lodiv                                                   cstackBANK6  000606
?___lomod                                                   cstackBANK6  000606
?___wmul                                                    cstackBANK6  000606
?___xxtofl                                                  cstackCOMRAM 000542
?_abs                                                       cstackBANK6  000618
?_atoa                                                      cstackBANK6  000633
?_atoi                                                      cstackBANK6  00060D
?_ctoa                                                      cstackBANK6  000611
?_dtoa                                                      cstackBANK6  000623
?_efgtoa                                                    cstackBANK6  000633
?_floorf                                                    cstackBANK6  00061F
?_getC0Sensor                                               cstackBANK6  000606
?_getHumidity                                               cstackBANK6  000606
?_getLightIntensity                                         cstackBANK6  000606
?_getPressure                                               cstackBANK6  000606
?_getTemp                                                   cstackBANK6  000606
?_isalpha                                                   cstackBANK6  000606
?_isdigit                                                   cstackBANK6  000606
?_islower                                                   cstackBANK6  000606
?_isspace                                                   cstackBANK6  000606
?_isupper                                                   cstackBANK6  000606
?_otoa                                                      cstackBANK6  000623
?_pad                                                       cstackBANK6  000618
?_printf                                                    cstackBANK5  0005F7
?_snprintf                                                  cstackBANK6  0006AD
?_stoa                                                      cstackBANK6  000611
?_strlen                                                    cstackBANK6  000606
?_strncmp                                                   cstackBANK6  000606
?_tolower                                                   cstackBANK6  00060C
?_toupper                                                   cstackBANK6  00060C
?_utoa                                                      cstackBANK6  000623
?_vfpfcnvrt                                                 cstackBANK6  000671
?_vfprintf                                                  cstackBANK6  0006A5
?_vsnprintf                                                 cstackBANK6  0006AD
?_xtoa                                                      cstackBANK6  000623
?i2___aodiv                                                 cstackCOMRAM 000501
?i2___aomod                                                 cstackCOMRAM 000501
?i2___awdiv                                                 cstackCOMRAM 000501
?i2___awmod                                                 cstackCOMRAM 000501
?i2___fladd                                                 cstackCOMRAM 000501
?i2___fldiv                                                 cstackCOMRAM 000550
?i2___flmul                                                 cstackCOMRAM 000501
?i2___flneg                                                 cstackCOMRAM 000501
?i2___flsub                                                 cstackCOMRAM 00051A
?i2___fltol                                                 cstackBANK5  000571
?i2___fpclassifyf                                           cstackCOMRAM 000501
?i2___lodiv                                                 cstackCOMRAM 000501
?i2___lomod                                                 cstackCOMRAM 000501
?i2___wmul                                                  cstackCOMRAM 000501
?i2_abs                                                     cstackCOMRAM 000513
?i2_atoa                                                    cstackBANK5  00057D
?i2_atoi                                                    cstackCOMRAM 000507
?i2_ctoa                                                    cstackCOMRAM 00050C
?i2_dtoa                                                    cstackCOMRAM 00051E
?i2_efgtoa                                                  cstackBANK5  00057D
?i2_floorf                                                  cstackCOMRAM 00055C
?i2_otoa                                                    cstackCOMRAM 00051E
?i2_pad                                                     cstackCOMRAM 000513
?i2_stoa                                                    cstackCOMRAM 00050C
?i2_strlen                                                  cstackCOMRAM 000501
?i2_strncmp                                                 cstackCOMRAM 000501
?i2_tolower                                                 cstackCOMRAM 000503
?i2_toupper                                                 cstackCOMRAM 000503
?i2_utoa                                                    cstackCOMRAM 00051E
?i2_vfpfcnvrt                                               cstackBANK5  0005BB
?i2_vfprintf                                                cstackBANK5  0005EF
?i2_xtoa                                                    cstackCOMRAM 00051E
ADCC_GetSingleConversion@channel                            cstackCOMRAM 000505
ATCMD_Print@args                                            cstackBANK7  0007EE
ATCMD_Print@format                                          cstackBANK6  0006C9
ATCMD_Print@ix                                              cstackBANK7  0007EC
ATCMD_Print@len                                             cstackBANK7  0007EA
ATCMD_ReadLine@byte                                         cstackBANK6  000607
ATCMD_ReadLine@ix                                           cstackBANK6  000608
ATCMD_strcon@a                                              cstackBANK6  000606
ATCMD_strcon@b                                              cstackBANK6  000608
ATCMD_strcon@i                                              cstackBANK6  00060D
BME280_compensateHumidity@h                                 cstackCOMRAM 000526
BME280_compensateHumidity@humV                              cstackCOMRAM 00053E
BME280_compensatePressure@p                                 cstackCOMRAM 000527
BME280_compensatePressure@pressV1                           cstackCOMRAM 00052B
BME280_compensatePressure@pressV2                           cstackCOMRAM 000523
BME280_compensateTemperature@t                              cstackCOMRAM 00052C
BME280_compensateTemperature@tempV1                         cstackCOMRAM 000524
BME280_compensateTemperature@tempV2                         cstackCOMRAM 000528
BME280_config@coeff                                         cstackBANK6  000606
BME280_config@sbtime                                        cstackBANK6  000608
BME280_ctrl_hum@osrs_H                                      cstackBANK6  000606
BME280_ctrl_meas@mode                                       cstackBANK6  000607
BME280_ctrl_meas@osrs_P                                     cstackBANK6  000606
BME280_ctrl_meas@osrs_T                                     cstackBANK6  000609
BME280_getHumidity@humidity                                 cstackBANK5  00056D
BME280_getPressure@pressure                                 cstackBANK5  00056D
BME280_getTemperature@temperature                           cstackBANK5  00056D
BME280_readFactoryCalibrationParams@paramBuff               cstackBANK6  000628
BME280_readMeasurements@sensorData                          cstackCOMRAM 00052D
I2C1_CallbackReturnReset@funPtr                             cstackBANK6  000611
I2C1_Close@returnValue                                      cstackBANK6  000606
I2C1_DO_RX@retFsmState                                      cstackBANK6  000617
I2C1_DO_TX@dataTx                                           cstackBANK6  000617
I2C1_DO_TX@retFsmState                                      cstackBANK6  000618
I2C1_MasterOperation@read                                   cstackBANK6  000619
I2C1_MasterOperation@returnValue                            cstackBANK6  00061A
I2C1_MasterSendTxData@data                                  cstackBANK6  000606
I2C1_MasterSetCounter@counter                               cstackBANK6  000606
I2C1_Open@address                                           cstackBANK6  000606
I2C1_Open@returnValue                                       cstackBANK6  000607
I2C1_Read1ByteRegister@address                              cstackBANK6  00061C
I2C1_Read1ByteRegister@reg                                  cstackBANK6  00061B
I2C1_Read1ByteRegister@returnValue                          cstackBANK6  00061D
I2C1_ReadDataBlock@address                                  cstackBANK6  000620
I2C1_ReadDataBlock@bufferBlock                              cstackBANK6  000621
I2C1_ReadDataBlock@data                                     cstackBANK6  00061C
I2C1_ReadDataBlock@len                                      cstackBANK6  00061E
I2C1_ReadDataBlock@reg                                      cstackBANK6  00061B
I2C1_SetAddressNackCallback@cb                              cstackBANK6  00060C
I2C1_SetAddressNackCallback@ptr                             cstackBANK6  00060F
I2C1_SetBuffer@buffer                                       cstackBANK6  000606
I2C1_SetBuffer@bufferSize                                   cstackBANK6  000608
I2C1_SetCallback@cb                                         cstackBANK6  000606
I2C1_SetCallback@idx                                        cstackBANK6  00060B
I2C1_SetCallback@ptr                                        cstackBANK6  000609
I2C1_SetDataCompleteCallback@cb                             cstackBANK6  00060C
I2C1_SetDataCompleteCallback@ptr                            cstackBANK6  00060F
I2C1_Write1ByteRegister@address                             cstackBANK6  00061D
I2C1_Write1ByteRegister@data                                cstackBANK6  00061C
I2C1_Write1ByteRegister@reg                                 cstackBANK6  00061B
INTSTAT_ADDR                                                (abs)        0000D7
IVTBASEH                                                    (abs)        00045E
IVTBASEL                                                    (abs)        00045D
IVTBASEU                                                    (abs)        00045F
TMR1_SetInterruptHandler@InterruptHandler                   cstackBANK6  000606
TMR1_WriteTimer@timerVal                                    cstackCOMRAM 000501
UART1_SetErrorHandler@interruptHandler                      cstackBANK6  000606
UART1_SetFramingErrorHandler@interruptHandler               cstackBANK6  000606
UART1_SetOverrunErrorHandler@interruptHandler               cstackBANK6  000606
UART1_Write@txData                                          cstackBANK6  000606
UART3_Read@readValue                                        cstackBANK6  000606
UART3_SetErrorHandler@interruptHandler                      cstackBANK6  000606
UART3_SetFramingErrorHandler@interruptHandler               cstackBANK6  000606
UART3_SetOverrunErrorHandler@interruptHandler               cstackBANK6  000606
UART3_SetRxInterruptHandler@InterruptHandler                cstackBANK6  000606
UART3_SetTxInterruptHandler@InterruptHandler                cstackBANK6  000606
UART3_Write@txData                                          cstackBANK6  000606
_ACTCON                                                     (abs)        0000AC
_ADACCH                                                     (abs)        0003E4
_ADACCL                                                     (abs)        0003E3
_ADACCU                                                     (abs)        0003E5
_ADACQH                                                     (abs)        0003EF
_ADACQL                                                     (abs)        0003EE
_ADACT                                                      (abs)        0003F9
_ADCAP                                                      (abs)        0003F0
_ADCC_GetSingleConversion                                   text244      00257C
_ADCC_Initialize                                            text95       0018D6
_ADCLK                                                      (abs)        0003FA
_ADCNT                                                      (abs)        0003E6
_ADCON0                                                     (abs)        0003F3
_ADCON0bits                                                 (abs)        0003F3
_ADCON1                                                     (abs)        0003F4
_ADCON1bits                                                 (abs)        0003F4
_ADCON2                                                     (abs)        0003F5
_ADCON2bits                                                 (abs)        0003F5
_ADCON3                                                     (abs)        0003F6
_ADCON3bits                                                 (abs)        0003F6
_ADERRH                                                     (abs)        0003DE
_ADERRL                                                     (abs)        0003DD
[...]
		_I2C1_Poller   		CODE           	2A08	0000	30
		_I2C1_DO_RX_ACK		CODE           	2D6E	0000	18
		_I2C1_DO_TX_ACK		CODE           	2D80	0000	18
		_I2C1_MasterWaitForEvent		CODE           	1932	0000	90
		_I2C1_MasterSendNack		CODE           	2FAC	0000	6
		_I2C1_DO_RX_NACK_RESTART		CODE           	2D5C	0000	18
		_I2C1_MasterDisableIrq		CODE           	2A7C	0000	28
		_I2C1_ClearInterruptFlags		CODE           	1B3A	0000	82
		_I2C1_MasterOperation		CODE           	175E	0000	94
		_I2C1_MasterClearStopFlag		CODE           	2FCA	0000	6
		_I2C1_SetCallback		CODE           	0BA6	0000	146
		_I2C1_MasterEnableRestart		CODE           	2FBE	0000	6
		_I2C1_MasterGetCounter		CODE           	2FA0	0000	6
		_I2C1_MasterSetCounter		CODE           	2EAE	0000	12
		_I2C1_Open     		CODE           	05EA	0000	172
		_I2C1_DO_ADDRESS_NACK		CODE           	1170	0000	122
		_I2C1_MasterDisableRestart		CODE           	2FC4	0000	6
		_I2C1_MasterClearCountFlag		CODE           	2FD6	0000	6
		_I2C1_SetBuffer		CODE           	295A	0000	36
		_I2C1_DO_SEND_RESTART_WRITE		CODE           	2DD0	0000	14
		_I2C1_MasterIsTxBufEmpty		CODE           	2C18	0000	22
		_I2C1_MasterClose		CODE           	2EBA	0000	12
		_I2C1_MasterWrite		CODE           	2F60	0000	8
		_I2C1_Initialize		CODE           	29C6	0000	34
		_I2C1_Close    		CODE           	25AE	0000	48
		_I2C1_MasterIsRxBufFull		CODE           	2C44	0000	22
		_I2C1_MasterIsNack		CODE           	2C2E	0000	22
		_I2C1_DO_SEND_ADR_WRITE		CODE           	29E8	0000	32
		_I2C1_MasterClearIrq		CODE           	2F68	0000	8
		_I2C1_SetDataCompleteCallback		CODE           	2A60	0000	28
		_I2C1_DO_SEND_STOP		CODE           	2518	0000	50
		_I2C1_DO_BUS_COLLISION		CODE           	0F74	0000	130
		_I2C1_DO_BUS_ERROR		CODE           	2B08	0000	26
		_I2C1_MasterSendAck		CODE           	2FB2	0000	6
		_I2C1_MasterFsm		CODE           	12D6	0000	114
		_I2C1_MasterGetRxData		CODE           	2FB8	0000	6
		_I2C1_MasterResetBus		CODE           	2EDE	0000	10
		_I2C1_MasterIsCountFlagSet		CODE           	2C86	0000	22
		_I2C1_DO_SEND_ADR_READ		CODE           	240A	0000	56
		_I2C1_DO_RX_NACK_STOP		CODE           	2B8A	0000	24

mcc_generated_files/i2c1_master.c estimated size: 2674

C:\Program Files\Microchip\xc8\v2.36\pic\sources\c99\common\floorf.c
		_floorf        		CODE           	1C7C0	0000	534

C:\Program Files\Microchip\xc8\v2.36\pic\sources\c99\common\floorf.c estimated size: 534

C:\Program Files\Microchip\xc8\v2.36\pic\sources\c99\common\sprcdiv.c
		___fldiv       		CODE           	1B0A0	0000	924

C:\Program Files\Microchip\xc8\v2.36\pic\sources\c99\common\sprcdiv.c estimated size: 924

C:\Program Files\Microchip\xc8\v2.36\pic\sources\c99\common\atoi.c
		_atoi          		CODE           	1DFBA	0000	386

C:\Program Files\Microchip\xc8\v2.36\pic\sources\c99\common\atoi.c estimated size: 386

mcc_generated_files/interrupt_manager.c
		_INTERRUPT_Initialize		CODE           	301E	0000	4
		_INTERRUPT_InterruptManager		CODE           	1F6C8	0000	230

mcc_generated_files/interrupt_manager.c estimated size: 234

C:\Program Files\Microchip\xc8\v2.36\pic\sources\c99\common\fleq.c
		___fleq        		CODE           	0696	0000	172

C:\Program Files\Microchip\xc8\v2.36\pic\sources\c99\common\fleq.c estimated size: 172

C:\Program Files\Microchip\xc8\v2.36\pic\sources\c99\common\toupper.c
		_toupper       		CODE           	1E8E	0000	70

C:\Program Files\Microchip\xc8\v2.36\pic\sources\c99\common\toupper.c estimated size: 70

C:\Program Files\Microchip\xc8\v2.36\pic\sources\c99\common\awmod.c
		___awmod       		CODE           	03D8	0000	178

C:\Program Files\Microchip\xc8\v2.36\pic\sources\c99\common\awmod.c estimated size: 178

C:\Program Files\Microchip\xc8\v2.36\pic\sources\c99\common\Umul32.c
		___lmul        		CODE           	1504	0000	106

C:\Program Files\Microchip\xc8\v2.36\pic\sources\c99\common\Umul32.c estimated size: 106

C:\Program Files\Microchip\xc8\v2.36\pic\sources\c99\common\isalpha.c
		_isalpha       		CODE           	22E4	0000	62

C:\Program Files\Microchip\xc8\v2.36\pic\sources\c99\common\isalpha.c estimated size: 62

C:\Program Files\Microchip\xc8\v2.36\pic\sources\c99\common\isspace.c
		_isspace       		CODE           	1A92	0000	84

C:\Program Files\Microchip\xc8\v2.36\pic\sources\c99\common\isspace.c estimated size: 84

sensorHandling.c
		_readCOSensor  		CODE           	2DA2	0000	16
		_isTimeout     		CODE           	2B3C	0000	26
		_getLightIntensity		CODE           	2F10	0000	10
		_getHumidity   		CODE           	2F1A	0000	10
		_getC0Sensor   		CODE           	2F24	0000	10
		_getTemp       		CODE           	2EFC	0000	10
		_getPressure   		CODE           	2F06	0000	10
		_readAmbientSensor		CODE           	2DB2	0000	16
		_setTimeout    		CODE           	2EF2	0000	10
		_printSensors  		CODE           	1F88A	0000	220
		_timer1Callback		CODE           	24B0	0000	54
		_initSensors   		CODE           	1D6E	0000	72
		_readSensors   		CODE           	2F2E	0000	10

sensorHandling.c estimated size: 474

mcc_generated_files/pin_manager.c
		_PIN_MANAGER_Initialize		CODE           	1FF2A	0000	198

mcc_generated_files/pin_manager.c estimated size: 198

C:\Program Files\Microchip\xc8\v2.36\pic\sources\c99\common\xxtofl.c
		___xxtofl      		CODE           	1D7A8	0000	436

C:\Program Files\Microchip\xc8\v2.36\pic\sources\c99\common\xxtofl.c estimated size: 436

bme280.c
		_BME280_readMeasurements		CODE           	1EBAA	0000	288
		_BME280_getTemperature		CODE           	169E	0000	96
		_BME280_compensateHumidity		CODE           	1A3AC	0000	1110
		_BME280_getHumidity		CODE           	16FE	0000	96
		_BME280_reset  		CODE           	2D4A	0000	18
		_BME280_config 		CODE           	28BC	0000	40
		_BME280_ctrl_meas		CODE           	247A	0000	54
		_BME280_initializeSensor		CODE           	24E6	0000	50
		_BME280_compensateTemperature		CODE           	1C2F8	0000	626
		_BME280_startForcedSensing		CODE           	2B70	0000	26
		_BME280_compensatePressure		CODE           	19328	0000	1794
		_BME280_ctrl_hum		CODE           	2EE8	0000	10
		_BME280_getPressure		CODE           	0B12	0000	148
		_BME280_readFactoryCalibrationParams		CODE           	1CFF6	0000	502

bme280.c estimated size: 4858

C:\Program Files\Microchip\xc8\v2.36\pic\sources\c99\common\strlen.c
		_strlen        		CODE           	19E6	0000	88

C:\Program Files\Microchip\xc8\v2.36\pic\sources\c99\common\strlen.c estimated size: 88

C:\Program Files\Microchip\xc8\v2.36\pic\sources\c99\common\__lldiv.c
		___lldiv       		CODE           	0934	0000	164

C:\Program Files\Microchip\xc8\v2.36\pic\sources\c99\common\__lldiv.c estimated size: 164

C:\Program Files\Microchip\xc8\v2.36\pic\sources\c99\common\lodiv.c
		___lodiv       		CODE           	1F3FE	0000	242

C:\Program Files\Microchip\xc8\v2.36\pic\sources\c99\common\lodiv.c estimated size: 242

C:\Program Files\Microchip\xc8\v2.36\pic\sources\c99\common\strcpy.c
		_strcpy        		CODE           	156E	0000	104

C:\Program Files\Microchip\xc8\v2.36\pic\sources\c99\common\strcpy.c estimated size: 104

C:\Program Files\Microchip\xc8\v2.36\pic\sources\c99\common\aodiv.c
		___aodiv       		CODE           	1DCA8	0000	394

C:\Program Files\Microchip\xc8\v2.36\pic\sources\c99\common\aodiv.c estimated size: 394

mcc_generated_files/drivers/i2c_simple_master.c
		_wr1RegCompleteHandler		CODE           	2268	0000	62
		_wr2RegCompleteHandler		CODE           	21AE	0000	62
		_rdBlkRegCompleteHandler		CODE           	181A	0000	94
		_rd1RegCompleteHandler		CODE           	222A	0000	62
		_rd2RegCompleteHandler		CODE           	21EC	0000	62

mcc_generated_files/drivers/i2c_simple_master.c estimated size: 342

mcc_generated_files/uart3.c
		_UART3_Read    		CODE           	1B8C	0000	82
		_UART3_DefaultFramingErrorHandler		CODE           	3034	0000	2
		_UART3_is_rx_ready		CODE           	2BD2	0000	24
		_UART3_is_tx_ready		CODE           	2BBA	0000	24
		_UART3_DefaultErrorHandler		CODE           	2FDC	0000	6
		_UART3_RxDataHandler		CODE           	27E6	0000	44
		_UART3_DefaultOverrunErrorHandler		CODE           	3032	0000	2
		_UART3_Write   		CODE           	1878	0000	94
		_UART3_SetFramingErrorHandler		CODE           	2E24	0000	14
		_UART3_SetOverrunErrorHandler		CODE           	2E16	0000	14
		_UART3_Receive_ISR		CODE           	1FD92	0000	206
		_UART3_SetRxInterruptHandler		CODE           	2E08	0000	14
		_UART3_SetTxInterruptHandler		CODE           	2DFA	0000	14
		_UART3_Initialize		CODE           	0326	0000	178
		_UART3_SetErrorHandler		CODE           	2E32	0000	14
		_UART3_Transmit_ISR		CODE           	1ED4	0000	70

mcc_generated_files/uart3.c estimated size: 802

C:\Program Files\Microchip\xc8\v2.36\pic\sources\c99\common\isdigit.c
		_isdigit       		CODE           	2322	0000	58

C:\Program Files\Microchip\xc8\v2.36\pic\sources\c99\common\isdigit.c estimated size: 58

C:\Program Files\Microchip\xc8\v2.36\pic\sources\c99\common\nf_fputc.c
		_fputc         		CODE           	1F966	0000	218

C:\Program Files\Microchip\xc8\v2.36\pic\sources\c99\common\nf_fputc.c estimated size: 218

C:\Program Files\Microchip\xc8\v2.36\pic\sources\c99\common\sprcadd.c
		___flsub       		CODE           	1E46	0000	72
		___fladd       		CODE           	19A2A	0000	1218

C:\Program Files\Microchip\xc8\v2.36\pic\sources\c99\common\sprcadd.c estimated size: 1290

mcc_generated_files/uart1.c
		_UART1_Write   		CODE           	2B56	0000	26
		_putch         		CODE           	2E78	0000	14
		_UART1_SetFramingErrorHandler		CODE           	2E4E	0000	14
		_UART1_SetOverrunErrorHandler		CODE           	2E40	0000	14
		_UART1_Initialize		CODE           	10F4	0000	124
		_UART1_SetErrorHandler		CODE           	2E5C	0000	14

mcc_generated_files/uart1.c estimated size: 206

C:\Program Files\Microchip\xc8\v2.36\pic\sources\c99\common\nf_vsnprintf.c
		_vsnprintf     		CODE           	1ECCA	0000	284

C:\Program Files\Microchip\xc8\v2.36\pic\sources\c99\common\nf_vsnprintf.c estimated size: 284

C:\Program Files\Microchip\xc8\v2.36\pic\sources\c99\common\awdiv.c
		___awdiv       		CODE           	001E	0000	198

C:\Program Files\Microchip\xc8\v2.36\pic\sources\c99\common\awdiv.c estimated size: 198

C:\Program Files\Microchip\xc8\v2.36\pic\sources\c99\common\doprnt.c
		_vfpfcnvrt     		CODE           	10000	0000	12934
		_efgtoa        		CODE           	17124	0000	3098
		_pad           		CODE           	1FE60	0000	202
		_atoa          		CODE           	18838	0000	2800
		_ctoa          		CODE           	1F7AE	0000	220
		_dtoa          		CODE           	1B7D8	0000	742
		_vfprintf      		CODE           	149A	0000	106
		_otoa          		CODE           	1D3DC	0000	494
		_stoa          		CODE           	1D95C	0000	426
		_utoa          		CODE           	1CBEC	0000	518
		_xtoa          		CODE           	1BDA4	0000	682

C:\Program Files\Microchip\xc8\v2.36\pic\sources\c99\common\doprnt.c estimated size: 22222

C:\Program Files\Microchip\xc8\v2.36\pic\sources\c99\common\fltol.c
		___fltol       		CODE           	1EDE6	0000	264

C:\Program Files\Microchip\xc8\v2.36\pic\sources\c99\common\fltol.c estimated size: 264

shared
		i2_I2C1_MasterDisableIrq		CODE           	2AEC	0000	28
		i2_I2C1_MasterFsm		CODE           	1348	0000	114
		i2_I2C1_Poller 		CODE           	2A26	0000	30
		_my_pw         		MEDIUMCONST    	FE32	0000	12
		i2_I2C1_SetBuffer		CODE           	29A2	0000	36
		_my_ba         		MEDIUMCONST    	FDF6	0000	47
		i2_vfpfcnvrt   		CODE           	13286	0000	12922
		i2_pad         		CODE           	00E4	0000	198
		i2_atoi        		CODE           	1E13C	0000	382
		i2_I2C1_MasterGetRxData		CODE           	2FFA	0000	6
		i2_I2C1_DO_IDLE		CODE           	2EC6	0000	12
		i2_abs         		CODE           	20B4	0000	64
		i2_stoa        		CODE           	1DB06	0000	418
		i2_floorf      		CODE           	1C9D6	0000	534
		i2_putch       		CODE           	2F56	0000	10
		i2___fleq      		CODE           	0742	0000	170
		i2_I2C1_MasterClearNackFlag		CODE           	3012	0000	6
		i2_isspace     		CODE           	1FA6	0000	68
		i2_I2C1_MasterOpen		CODE           	2868	0000	42
		i2_I2C1_MasterIsCountFlagSet		CODE           	2D20	0000	22
		i2_rd2RegCompleteHandler@i2c1_master_example$F156		CODE           	260E	0000	48
		i2_I2C1_MasterIsStopFlagSet		CODE           	2CF4	0000	22
		i2_utoa        		CODE           	1CDF2	0000	516
		i2_strncmp     		CODE           	1E81A	0000	326
		i2_I2C1_MasterSendTxData		CODE           	2F38	0000	10
		i2_I2C1_MasterOperation		CODE           	1BDE	0000	82
		i2_I2C1_MasterWaitForEvent		CODE           	198C	0000	90
		i2_I2C1_MasterStop		CODE           	2FE8	0000	6
		i2_vfprintf    		CODE           	13BA	0000	114
		i2_I2C1_MasterResetBus		CODE           	2F4C	0000	10
		i2_isdigit     		CODE           	3038	0000	2
		i2_xtoa        		CODE           	1C04E	0000	682
		i2_I2C1_DO_RESET		CODE           	2D92	0000	16
		i2_I2C1_SetCallback		CODE           	0CC8	0000	142
		i2_atoa        		CODE           	17D3E	0000	2810
		i2_I2C1_DO_SEND_ADR_READ		CODE           	278C	0000	46
		i2___flneg     		CODE           	2442	0000	56
		i2_strcpy      		CODE           	15D6	0000	102
		i2_rdBlkRegCompleteHandler@i2c1_master_example$F179		CODE           	1C82	0000	80
		i2___awdiv     		CODE           	01AA	0000	196
		_ok_res        		MEDIUMCONST    	FDF0	0000	6
		i2_I2C1_DO_RX_NACK_STOP		CODE           	2E86	0000	14
		i2___fladd     		CODE           	19EEC	0000	1216
		i2_ctoa        		CODE           	1FA40	0000	216
		i2_wr1RegCompleteHandler@i2c1_master_example$F162		CODE           	25DE	0000	48
		i2_rd1RegCompleteHandler		CODE           	26CE	0000	48
		i2_I2C1_MasterClose		CODE           	2ED2	0000	12
		i2___wmul      		CODE           	2892	0000	42
		i2_I2C1_MasterWrite		CODE           	2F70	0000	8
		i2_dtoa        		CODE           	1BABE	0000	742
		i2___fldiv     		CODE           	1B43C	0000	924
		i2_I2C1_MasterEnableRestart		CODE           	3000	0000	6
		i2_I2C1_MasterIsNackFlagSet		CODE           	2D0A	0000	22
		i2___fltol     		CODE           	1EEEE	0000	264
		i2_I2C1_DO_SEND_RESTART		CODE           	3022	0000	4
		i2_I2C1_MasterDisableRestart		CODE           	3006	0000	6
		i2_I2C1_Write1ByteRegister		CODE           	11EA	0000	118
		__initialization		CODE           	0A76	0000	150
		_my_ci         		MEDIUMCONST    	FE47	0000	6
		i2___flge      		CODE           	1F0FC	0000	260
		i2___lodiv     		CODE           	1F4F0	0000	240
		_my_ap         		MEDIUMCONST    	FE3E	0000	9
		i2_I2C1_DO_RX_EMPTY		CODE           	0890	0000	164
		i2_I2C1_DO_TX_EMPTY		CODE           	1076	0000	126
		i2_rd2RegCompleteHandler		CODE           	269E	0000	48
		i2_I2C1_CallbackReturnStop		CODE           	302E	0000	4
		i2___awmod     		CODE           	053A	0000	176
		i2_wr2RegCompleteHandler@i2c1_master_example$F168		CODE           	272E	0000	48
		i2_I2C1_MasterIsNack		CODE           	2CC8	0000	22
		i2___aodiv     		CODE           	1DE32	0000	392
		i2___flmul     		CODE           	1AC52	0000	1102
		_i2c1_fsmStateTable		MEDIUMCONST    	FDB7	0000	57
		i2_I2C1_MasterClearCountFlag		CODE           	3018	0000	6
		i2_I2C1_DO_RX_ACK		CODE           	2F80	0000	8
		i2_I2C1_DO_TX_ACK		CODE           	2F88	0000	8
		_my_ts         		MEDIUMCONST    	FE25	0000	13
		i2_I2C1_ClearInterruptFlags		CODE           	1C30	0000	82
		i2___lomod     		CODE           	1FCC2	0000	208
		i2___fpclassifyf		CODE           	1F300	0000	254
		i2_I2C1_MasterGetCounter		CODE           	2FE2	0000	6
		i2_islower     		CODE           	303A	0000	2
		i2_I2C1_DO_SEND_ADR_WRITE		CODE           	2C9C	0000	22
		i2_I2C1_MasterSetCounter		CODE           	2F42	0000	10
		i2_I2C1_ReadDataBlock		CODE           	0E6A	0000	134
		i2___flsub     		CODE           	1F60	0000	70
		i2_I2C1_MasterClearStopFlag		CODE           	300C	0000	6
		i2_UART1_Write 		CODE           	2BEA	0000	24
		i2_efgtoa      		CODE           	16500	0000	3108
		i2_I2C1_DO_SEND_STOP		CODE           	28E4	0000	40
		i2_wr1RegCompleteHandler		CODE           	26FE	0000	48
		i2_isupper     		CODE           	303C	0000	2
		i2_I2C1_MasterIsTxBufEmpty		CODE           	2CB2	0000	22
		i2_I2C1_MasterClearIrq		CODE           	2F90	0000	8
		i2___aomod     		CODE           	1E420	0000	356
		i2_I2C1_MasterSendNack		CODE           	2FEE	0000	6
		i2_I2C1_DO_BUS_COLLISION		CODE           	1260	0000	118
		i2_I2C1_DO_RX_NACK_RESTART		CODE           	2F78	0000	8
		i2_I2C1_DO_BUS_ERROR		CODE           	1FFF0	0000	16
		i2_fputc       		CODE           	1FB18	0000	216
		i2_fputs       		CODE           	202E	0000	68
		i2_strlen      		CODE           	1AE6	0000	84
		i2_tolower     		CODE           	1F1A	0000	70
		i2_I2C1_DO_SEND_RESTART_READ		CODE           	2E94	0000	14
		i2_I2C1_SetDataCompleteCallback		CODE           	2AD0	0000	28
		i2_I2C1_DO_SEND_RESTART_WRITE		CODE           	3026	0000	4
		i2_otoa        		CODE           	1D1EC	0000	496
		i2_I2C1_Open   		CODE           	07EC	0000	164
		i2_I2C1_DO_ADDRESS_NACK		CODE           	142C	0000	110
		i2_I2C1_CallbackReturnReset		CODE           	302A	0000	4
		i2_rdBlkRegCompleteHandler		CODE           	1CD2	0000	80
		i2_I2C1_MasterSendAck		CODE           	2FF4	0000	6
		i2_I2C1_DO_RX  		CODE           	09D8	0000	158
		i2_I2C1_DO_TX  		CODE           	1E960	0000	294
		i2_I2C1_Close  		CODE           	2812	0000	44
		i2_toupper     		CODE           	1FEA	0000	68
		i2_I2C1_SetAddressNackCallback		CODE           	2AB4	0000	28
		i2_I2C1_MasterIsRxBufFull		CODE           	2CDE	0000	22
		i2_rd1RegCompleteHandler@i2c1_master_example$F145		CODE           	263E	0000	48
		i2_wr2RegCompleteHandler		CODE           	266E	0000	48
		i2_isalpha     		CODE           	303E	0000	2

shared estimated size: 33618

atCommander.c
		_createPubMQTTString		CODE           	0EF0	0000	132
		_ATCMD_ReadLine		CODE           	163C	0000	98
		_ATCMD_Task    		CODE           	1C56A	0000	598
		_ATCMD_Print   		CODE           	1D5CA	0000	478
		_ATCMD_strcon  		CODE           	1F5E0	0000	232

atCommander.c estimated size: 1538

mcc_generated_files/mcc.c
		_PMD_Initialize		CODE           	297E	0000	36
		_OSCILLATOR_Initialize		CODE           	2A98	0000	28
		_SYSTEM_Initialize		CODE           	2934	0000	38

mcc_generated_files/mcc.c estimated size: 102

C:\Program Files\Microchip\xc8\v2.36\pic\sources\c99\common\abs.c
		_abs           		CODE           	2072	0000	66

C:\Program Files\Microchip\xc8\v2.36\pic\sources\c99\common\abs.c estimated size: 66

C:\Program Files\Microchip\xc8\v2.36\pic\sources\c99\common\nf_snprintf.c
		_snprintf      		CODE           	1EA86	0000	292

C:\Program Files\Microchip\xc8\v2.36\pic\sources\c99\common\nf_snprintf.c estimated size: 292

C:\Program Files\Microchip\xc8\v2.36\pic\sources\c99\common\flge.c
		___flge        		CODE           	1EFF6	0000	262

C:\Program Files\Microchip\xc8\v2.36\pic\sources\c99\common\flge.c estimated size: 262

mcc_generated_files/tmr1.c
		_TMR1_Initialize		CODE           	1D22	0000	76
		_TMR1_SetInterruptHandler		CODE           	2E6A	0000	14
		_TMR1_DefaultInterruptHandler		CODE           	3036	0000	2
		_TMR1_CallBack 		CODE           	254A	0000	50
		_TMR1_WriteTimer		CODE           	275E	0000	46
		_TMR1_ISR      		CODE           	2D36	0000	20

mcc_generated_files/tmr1.c estimated size: 208

mcc_generated_files/adcc.c
		_ADCC_GetSingleConversion		CODE           	257C	0000	50
		_ADCC_Initialize		CODE           	18D6	0000	92

mcc_generated_files/adcc.c estimated size: 142

main.c
		_main          		CODE           	1A3E	0000	84

main.c estimated size: 84

C:\Program Files\Microchip\xc8\v2.36\pic\sources\c99\common\Umul16.c
		___wmul        		CODE           	27BA	0000	44

C:\Program Files\Microchip\xc8\v2.36\pic\sources\c99\common\Umul16.c estimated size: 44

C:\Program Files\Microchip\xc8\v2.36\pic\sources\c99\common\flneg.c
		___flneg       		CODE           	23D0	0000	58

C:\Program Files\Microchip\xc8\v2.36\pic\sources\c99\common\flneg.c estimated size: 58

C:\Program Files\Microchip\xc8\v2.36\pic\sources\c99\common\isupper.c
		_isupper       		CODE           	2396	0000	58

C:\Program Files\Microchip\xc8\v2.36\pic\sources\c99\common\isupper.c estimated size: 58

